#-----------------------------------------------------------
# Vivado v2024.1 (64-bit)
# SW Build 5076996 on Wed May 22 18:36:09 MDT 2024
# IP Build 5075265 on Wed May 22 21:45:21 MDT 2024
# SharedData Build 5076995 on Wed May 22 18:29:18 MDT 2024
# Start of session at: Tue Oct 21 18:43:37 2025
# Process ID: 37253
# Current directory: /home/johnny/MPD/aquila_build
# Command line: vivado -mode batch -source tcl/build.tcl
# Log file: /home/johnny/MPD/aquila_build/vivado.log
# Journal file: /home/johnny/MPD/aquila_build/vivado.jou
# Running On        :johnny-VMware-Virtual-Platform
# Platform          :Ubuntu
# Operating System  :Ubuntu 24.04.3 LTS
# Processor Detail  :Intel(R) Core(TM) i5-1038NG7 CPU @ 2.00GHz
# CPU Frequency     :1996.800 MHz
# CPU Physical cores:4
# CPU Logical cores :4
# Host memory       :10378 MB
# Swap memory       :8589 MB
# Total Virtual     :18968 MB
# Available Virtual :16106 MB
#-----------------------------------------------------------
source tcl/build.tcl
# set proj_name   "aquila_ap"
# set fpga_model  xc7a100tcsg324-1
# set board_model ARTY
# set xdc_file    arty.xdc
# set mig_file    mig-arty100t.prj
# create_project $proj_name ./$proj_name -part $fpga_model
create_project: Time (s): cpu = 00:00:09 ; elapsed = 00:00:09 . Memory (MB): peak = 1409.676 ; gain = 63.410 ; free physical = 2093 ; free virtual = 14992
# set source_dir "./src"
# set obj [current_project]
# set_property -name "default_lib" -value "xil_defaultlib" -objects $obj
# set_property -name "enable_resource_estimation" -value "0" -objects $obj
# set_property -name "sim.ip.auto_export_scripts" -value "1" -objects $obj
# set_property -name "simulator_language" -value "Mixed" -objects $obj
# set_property -name "xpm_libraries" -value "XPM_CDC XPM_MEMORY" -objects $obj
# read_verilog $source_dir/core_rtl/alu.v
# read_verilog $source_dir/core_rtl/aquila_config.vh
# read_verilog $source_dir/core_rtl/aquila_top.v
# read_verilog $source_dir/core_rtl/atomic_unit.v
# read_verilog $source_dir/core_rtl/bcu.v
# read_verilog $source_dir/core_rtl/bpu.v
# read_verilog $source_dir/core_rtl/bpu_profiler.v
# read_verilog $source_dir/core_rtl/clint.v
# read_verilog $source_dir/core_rtl/core_top.v
# read_verilog $source_dir/core_rtl/csr_file.v
# read_verilog $source_dir/core_rtl/dcache.v
# read_verilog $source_dir/core_rtl/decode.v
# read_verilog $source_dir/core_rtl/distri_ram.v
# read_verilog $source_dir/core_rtl/execute.v
# read_verilog $source_dir/core_rtl/fetch.v
# read_verilog $source_dir/core_rtl/forwarding_unit.v
# read_verilog $source_dir/core_rtl/icache.v
# read_verilog $source_dir/core_rtl/memory.v
# read_verilog $source_dir/core_rtl/muldiv.v
# read_verilog $source_dir/core_rtl/pipeline_control.v
# read_verilog $source_dir/core_rtl/program_counter.v
# read_verilog $source_dir/core_rtl/reg_file.v
# read_verilog $source_dir/core_rtl/sram.v
# read_verilog $source_dir/core_rtl/sram_dp.v
# read_verilog $source_dir/core_rtl/writeback.v
# read_verilog $source_dir/soc_rtl/uart.v
# read_verilog $source_dir/soc_rtl/core2axi_if.v
# read_verilog $source_dir/soc_rtl/cdc_sync.v
# read_verilog $source_dir/soc_rtl/mem_arbiter.v
# add_files -fileset sources_1 -norecurse $source_dir/soc_rtl/soc_top.v
# read_mem $source_dir/mem/uartboot.mem
# read_xdc $source_dir/xdc/$xdc_file
# set_property verilog_define [list $board_model] [get_filesets sources_1]
# set_property top soc_top [get_filesets sources_1]
# add_files -fileset sim_1 -norecurse $source_dir/soc_rtl/soc_tb.v
# add_files -fileset sim_1 -norecurse $source_dir/soc_rtl/memctrl_sim.v
# set_property verilog_define [list $board_model] [get_filesets sim_1]
# set_property top soc_tb [get_filesets sim_1]
# set_property -name "top_lib" -value "xil_defaultlib" -objects [get_filesets sim_1]
# create_ip -name fifo_generator -vendor xilinx.com -library ip -module_name async_fifo_addr
INFO: [IP_Flow 19-234] Refreshing IP repositories
INFO: [IP_Flow 19-1704] No user IP repositories specified
INFO: [IP_Flow 19-2313] Loaded Vivado IP repository '/tools/Xilinx/Vivado/2024.1/data/ip'.
# set_property -dict [list \
#     CONFIG.fifo_implementation {independent_clocks_distributed_ram} \
#     CONFIG.synchronization_stages {3} \
#     CONFIG.input_data_width {32} \
#     CONFIG.input_depth {16} \
#     CONFIG.reset_pin {false} \
#     CONFIG.performance_options {first_word_fall_through} ] [get_ips async_fifo_addr]
# generate_target all [get_files ${proj_name}/${proj_name}.srcs/sources_1/ip/async_fifo_addr/async_fifo_addr.xci]
INFO: [IP_Flow 19-1686] Generating 'Instantiation Template' target for IP 'async_fifo_addr'...
INFO: [IP_Flow 19-1686] Generating 'Synthesis' target for IP 'async_fifo_addr'...
INFO: [IP_Flow 19-1686] Generating 'Simulation' target for IP 'async_fifo_addr'...
INFO: [IP_Flow 19-1686] Generating 'Change Log' target for IP 'async_fifo_addr'...
# create_ip -name fifo_generator -vendor xilinx.com -library ip -module_name async_fifo_data
# set_property -dict [list \
#     CONFIG.fifo_implementation {independent_clocks_distributed_ram} \
#     CONFIG.synchronization_stages {3} \
#     CONFIG.input_data_width {128} \
#     CONFIG.input_depth {16} \
#     CONFIG.reset_pin {false} \
#     CONFIG.performance_options {first_word_fall_through} ] [get_ips async_fifo_data]
# generate_target all [get_files ${proj_name}/${proj_name}.srcs/sources_1/ip/async_fifo_data/async_fifo_data.xci]
INFO: [IP_Flow 19-1686] Generating 'Instantiation Template' target for IP 'async_fifo_data'...
INFO: [IP_Flow 19-1686] Generating 'Synthesis' target for IP 'async_fifo_data'...
INFO: [IP_Flow 19-1686] Generating 'Simulation' target for IP 'async_fifo_data'...
INFO: [IP_Flow 19-1686] Generating 'Change Log' target for IP 'async_fifo_data'...
# create_ip -name fifo_generator -vendor xilinx.com -library ip -module_name async_fifo_signal
# set_property -dict [list \
#     CONFIG.fifo_implementation {independent_clocks_distributed_ram} \
#     CONFIG.synchronization_stages {3} \
#     CONFIG.input_data_width {1} \
#     CONFIG.input_depth {16} \
#     CONFIG.reset_pin {false} \
#     CONFIG.performance_options {first_word_fall_through} ] [get_ips async_fifo_signal]
# generate_target all [get_files ${proj_name}/${proj_name}.srcs/sources_1/ip/async_fifo_signal/async_fifo_signal.xci]
INFO: [IP_Flow 19-1686] Generating 'Instantiation Template' target for IP 'async_fifo_signal'...
INFO: [IP_Flow 19-1686] Generating 'Synthesis' target for IP 'async_fifo_signal'...
INFO: [IP_Flow 19-1686] Generating 'Simulation' target for IP 'async_fifo_signal'...
INFO: [IP_Flow 19-1686] Generating 'Change Log' target for IP 'async_fifo_signal'...
# create_ip -name clk_wiz -vendor xilinx.com -library ip -module_name clk_wiz_0
INFO: [Device 21-403] Loading part xc7a100tcsg324-1
INFO: [Device 21-9227] Part: xc7a100tcsg324-1 does not have CEAM library.
create_ip: Time (s): cpu = 00:00:07 ; elapsed = 00:00:12 . Memory (MB): peak = 1832.062 ; gain = 356.883 ; free physical = 1638 ; free virtual = 14624
# set_property -dict [list \
#     CONFIG.PRIM_IN_FREQ {100.00000} \
#     CONFIG.CLKOUT1_REQUESTED_OUT_FREQ {50.00000} \
#     CONFIG.CLKOUT2_USED {true} \
#     CONFIG.CLKOUT2_REQUESTED_OUT_FREQ {166.66667} \
#     CONFIG.CLKOUT3_USED {true} \
#     CONFIG.CLKOUT3_REQUESTED_OUT_FREQ {200.00000} \
#     CONFIG.CLKOUT4_USED {false} \
#     CONFIG.USE_RESET {false} \
#     CONFIG.USE_LOCKED {false}] [get_ips clk_wiz_0]
# generate_target all [get_files ${proj_name}/${proj_name}.srcs/sources_1/ip/clk_wiz_0/clk_wiz_0.xci]
INFO: [IP_Flow 19-1686] Generating 'Instantiation Template' target for IP 'clk_wiz_0'...
INFO: [IP_Flow 19-1686] Generating 'Synthesis' target for IP 'clk_wiz_0'...
INFO: [IP_Flow 19-1686] Generating 'Simulation' target for IP 'clk_wiz_0'...
INFO: [IP_Flow 19-1686] Generating 'Implementation' target for IP 'clk_wiz_0'...
INFO: [IP_Flow 19-1686] Generating 'Change Log' target for IP 'clk_wiz_0'...
# create_ip -name axi_quad_spi -vendor xilinx.com -library ip -module_name axi_quad_spi_0
# set_property -dict [ list \
#    CONFIG.C_FIFO_DEPTH {256} \
#    CONFIG.C_SCK_RATIO {4} \
#    CONFIG.C_USE_STARTUP {0} \
#    CONFIG.C_USE_STARTUP_INT {0} \
#    CONFIG.QSPI_BOARD_INTERFACE {custom}] [get_ips axi_quad_spi_0]
# generate_target all [get_files ${proj_name}/${proj_name}.srcs/sources_1/ip/axi_quad_spi_0/axi_quad_spi_0.xci]
INFO: [IP_Flow 19-1686] Generating 'Instantiation Template' target for IP 'axi_quad_spi_0'...
INFO: [IP_Flow 19-1686] Generating 'Synthesis' target for IP 'axi_quad_spi_0'...
INFO: [IP_Flow 19-1686] Generating 'Simulation' target for IP 'axi_quad_spi_0'...
INFO: [IP_Flow 19-1686] Generating 'Implementation' target for IP 'axi_quad_spi_0'...
INFO: [IP_Flow 19-1686] Generating 'Change Log' target for IP 'axi_quad_spi_0'...
# create_ip -name mig_7series -vendor xilinx.com -library ip -module_name mig_7series_0
# file copy $source_dir/mig/$mig_file ${proj_name}/${proj_name}.srcs/sources_1/ip/mig_7series_0/mig.prj
# set_property -dict [list CONFIG.XML_INPUT_FILE {mig.prj}] [get_ips mig_7series_0]
# generate_target {instantiation_template} [get_files ${proj_name}/${proj_name}.srcs/sources_1/ip/mig_7series_0/mig_7series_0.xci]
INFO: [IP_Flow 19-1686] Generating 'Instantiation Template' target for IP 'mig_7series_0'...
# generate_target all [get_files ${proj_name}/${proj_name}.srcs/sources_1/ip/mig_7series_0/mig_7series_0.xci]
INFO: [IP_Flow 19-1686] Generating 'Synthesis' target for IP 'mig_7series_0'...
INFO: [IP_Flow 19-1686] Generating 'Simulation' target for IP 'mig_7series_0'...
INFO: [IP_Flow 19-1686] Generating 'Implementation' target for IP 'mig_7series_0'...
INFO: [IP_Flow 19-1686] Generating 'Change Log' target for IP 'mig_7series_0'...
generate_target: Time (s): cpu = 00:00:34 ; elapsed = 00:00:39 . Memory (MB): peak = 2177.359 ; gain = 249.633 ; free physical = 1226 ; free virtual = 14265
# puts "INFO: Project created:${proj_name}"
INFO: Project created:aquila_ap
# start_gui
WARNING: [Board 49-26] cannot add Board Part xilinx.com:kc705:part0:1.6 available at /tools/Xilinx/Vivado/2024.1/data/xhub/boards/XilinxBoardStore/boards/Xilinx/kc705/1.6/board.xml as part xc7k325tffg900-2 specified in board_part file is either invalid or not available
WARNING: [Board 49-26] cannot add Board Part xilinx.com:kcu105:part0:1.6 available at /tools/Xilinx/Vivado/2024.1/data/xhub/boards/XilinxBoardStore/boards/Xilinx/kcu105/1.6/board.xml as part xcku040-ffva1156-2-e specified in board_part file is either invalid or not available
WARNING: [Board 49-26] cannot add Board Part xilinx.com:kcu105:part0:1.7 available at /tools/Xilinx/Vivado/2024.1/data/xhub/boards/XilinxBoardStore/boards/Xilinx/kcu105/1.7/board.xml as part xcku040-ffva1156-2-e specified in board_part file is either invalid or not available
WARNING: [Board 49-26] cannot add Board Part xilinx.com:kcu1500:part0:1.2 available at /tools/Xilinx/Vivado/2024.1/data/xhub/boards/XilinxBoardStore/boards/Xilinx/kcu1500/1.2/board.xml as part xcku115-flvb2104-2-e specified in board_part file is either invalid or not available
WARNING: [Board 49-26] cannot add Board Part xilinx.com:vc707:part0:1.4 available at /tools/Xilinx/Vivado/2024.1/data/xhub/boards/XilinxBoardStore/boards/Xilinx/vc707/1.4/board.xml as part xc7vx485tffg1761-2 specified in board_part file is either invalid or not available
WARNING: [Board 49-26] cannot add Board Part xilinx.com:vc709:part0:1.8 available at /tools/Xilinx/Vivado/2024.1/data/xhub/boards/XilinxBoardStore/boards/Xilinx/vc709/1.8/board.xml as part xc7vx690tffg1761-2 specified in board_part file is either invalid or not available
WARNING: [Board 49-26] cannot add Board Part xilinx.com:vck190:part0:2.2 available at /tools/Xilinx/Vivado/2024.1/data/xhub/boards/XilinxBoardStore/boards/Xilinx/vck190/production/2.2/board.xml as part xcvc1902-vsva2197-2mp-e-s specified in board_part file is either invalid or not available
WARNING: [Board 49-26] cannot add Board Part xilinx.com:vck190:part0:3.0 available at /tools/Xilinx/Vivado/2024.1/data/xhub/boards/XilinxBoardStore/boards/Xilinx/vck190/production/3.0/board.xml as part xcvc1902-vsva2197-2mp-e-s specified in board_part file is either invalid or not available
WARNING: [Board 49-26] cannot add Board Part xilinx.com:vck190:part0:3.1 available at /tools/Xilinx/Vivado/2024.1/data/xhub/boards/XilinxBoardStore/boards/Xilinx/vck190/production/3.1/board.xml as part xcvc1902-vsva2197-2mp-e-s specified in board_part file is either invalid or not available
WARNING: [Board 49-26] cannot add Board Part xilinx.com:vck190:part0:3.2 available at /tools/Xilinx/Vivado/2024.1/data/xhub/boards/XilinxBoardStore/boards/Xilinx/vck190/production/3.2/board.xml as part xcvc1902-vsva2197-2mp-e-s specified in board_part file is either invalid or not available
WARNING: [Board 49-26] cannot add Board Part xilinx.com:vck190:part0:3.3 available at /tools/Xilinx/Vivado/2024.1/data/xhub/boards/XilinxBoardStore/boards/Xilinx/vck190/production/3.3/board.xml as part xcvc1902-vsva2197-2mp-e-s specified in board_part file is either invalid or not available
WARNING: [Board 49-26] cannot add Board Part xilinx.com:vck190_newl:part0:1.0 available at /tools/Xilinx/Vivado/2024.1/data/xhub/boards/XilinxBoardStore/boards/Xilinx/vck190_newl/production/1.0/board.xml as part xcvc1902-vsva2197-2mp-e-s specified in board_part file is either invalid or not available
WARNING: [Board 49-26] cannot add Board Part xilinx.com:vck190_newl:part0:1.1 available at /tools/Xilinx/Vivado/2024.1/data/xhub/boards/XilinxBoardStore/boards/Xilinx/vck190_newl/production/1.1/board.xml as part xcvc1902-vsva2197-2mp-e-s specified in board_part file is either invalid or not available
WARNING: [Board 49-26] cannot add Board Part xilinx.com:vck190_newl:part0:1.2 available at /tools/Xilinx/Vivado/2024.1/data/xhub/boards/XilinxBoardStore/boards/Xilinx/vck190_newl/production/1.2/board.xml as part xcvc1902-vsva2197-2mp-e-s specified in board_part file is either invalid or not available
WARNING: [Board 49-26] cannot add Board Part xilinx.com:vcu108:part0:1.6 available at /tools/Xilinx/Vivado/2024.1/data/xhub/boards/XilinxBoardStore/boards/Xilinx/vcu108/1.6/board.xml as part xcvu095-ffva2104-2-e specified in board_part file is either invalid or not available
WARNING: [Board 49-26] cannot add Board Part xilinx.com:vcu108:part0:1.7 available at /tools/Xilinx/Vivado/2024.1/data/xhub/boards/XilinxBoardStore/boards/Xilinx/vcu108/1.7/board.xml as part xcvu095-ffva2104-2-e specified in board_part file is either invalid or not available
WARNING: [Board 49-26] cannot add Board Part xilinx.com:vcu110:part0:1.4 available at /tools/Xilinx/Vivado/2024.1/data/xhub/boards/XilinxBoardStore/boards/Xilinx/vcu110/1.4/board.xml as part xcvu190-flgc2104-2-e specified in board_part file is either invalid or not available
WARNING: [Board 49-26] cannot add Board Part xilinx.com:vcu118:part0:2.0 available at /tools/Xilinx/Vivado/2024.1/data/xhub/boards/XilinxBoardStore/boards/Xilinx/vcu118/2.0/board.xml as part xcvu9p-flga2104-2l-e specified in board_part file is either invalid or not available
WARNING: [Board 49-26] cannot add Board Part xilinx.com:vcu118:part0:2.3 available at /tools/Xilinx/Vivado/2024.1/data/xhub/boards/XilinxBoardStore/boards/Xilinx/vcu118/2.3/board.xml as part xcvu9p-flga2104-2l-e specified in board_part file is either invalid or not available
WARNING: [Board 49-26] cannot add Board Part xilinx.com:vcu118:part0:2.4 available at /tools/Xilinx/Vivado/2024.1/data/xhub/boards/XilinxBoardStore/boards/Xilinx/vcu118/2.4/board.xml as part xcvu9p-flga2104-2l-e specified in board_part file is either invalid or not available
WARNING: [Board 49-26] cannot add Board Part xilinx.com:vcu129:part0:1.0 available at /tools/Xilinx/Vivado/2024.1/data/xhub/boards/XilinxBoardStore/boards/Xilinx/vcu129/production/1.0/board.xml as part xcvu29p-fsga2577-2l-e specified in board_part file is either invalid or not available
WARNING: [Board 49-26] cannot add Board Part xilinx.com:vcu1525:part0:1.3 available at /tools/Xilinx/Vivado/2024.1/data/xhub/boards/XilinxBoardStore/boards/Xilinx/vcu1525/1.3/board.xml as part xcvu9p-fsgd2104-2l-e specified in board_part file is either invalid or not available
WARNING: [Board 49-26] cannot add Board Part xilinx.com:vek280:part0:1.0 available at /tools/Xilinx/Vivado/2024.1/data/xhub/boards/XilinxBoardStore/boards/Xilinx/vek280/production/1.0/board.xml as part xcve2802-vsvh1760-2mp-e-s specified in board_part file is either invalid or not available
WARNING: [Board 49-26] cannot add Board Part xilinx.com:vek280:part0:1.1 available at /tools/Xilinx/Vivado/2024.1/data/xhub/boards/XilinxBoardStore/boards/Xilinx/vek280/production/1.1/board.xml as part xcve2802-vsvh1760-2mp-e-s specified in board_part file is either invalid or not available
WARNING: [Board 49-26] cannot add Board Part xilinx.com:vek280:part0:1.2 available at /tools/Xilinx/Vivado/2024.1/data/xhub/boards/XilinxBoardStore/boards/Xilinx/vek280/production/1.2/board.xml as part xcve2802-vsvh1760-2mp-e-s specified in board_part file is either invalid or not available
WARNING: [Board 49-26] cannot add Board Part xilinx.com:vek280_es:part0:1.0 available at /tools/Xilinx/Vivado/2024.1/data/xhub/boards/XilinxBoardStore/boards/Xilinx/vek280/es/rev_a/1.0/board.xml as part xcve2802-vsvh1760-2lp-e-s-es1 specified in board_part file is either invalid or not available
WARNING: [Board 49-26] cannot add Board Part xilinx.com:vek280_es:part0:1.1 available at /tools/Xilinx/Vivado/2024.1/data/xhub/boards/XilinxBoardStore/boards/Xilinx/vek280/es/rev_a/1.1/board.xml as part xcve2802-vsvh1760-2lp-e-s-es1 specified in board_part file is either invalid or not available
WARNING: [Board 49-26] cannot add Board Part xilinx.com:vek280_es_revb:part0:1.0 available at /tools/Xilinx/Vivado/2024.1/data/xhub/boards/XilinxBoardStore/boards/Xilinx/vek280/es/rev_b/1.0/board.xml as part xcve2802-vsvh1760-2mp-e-s-es1 specified in board_part file is either invalid or not available
WARNING: [Board 49-26] cannot add Board Part xilinx.com:vek280_es_revb:part0:1.1 available at /tools/Xilinx/Vivado/2024.1/data/xhub/boards/XilinxBoardStore/boards/Xilinx/vek280/es/rev_b/1.1/board.xml as part xcve2802-vsvh1760-2mp-e-s-es1 specified in board_part file is either invalid or not available
WARNING: [Board 49-26] cannot add Board Part xilinx.com:vermeo_t1_mpsoc:part0:1.0 available at /tools/Xilinx/Vivado/2024.1/data/xhub/boards/XilinxBoardStore/boards/Xilinx/vermeo_t1_mpsoc/1.0/board.xml as part xczu19eg-ffvd1760-2l-e specified in board_part file is either invalid or not available
WARNING: [Board 49-26] cannot add Board Part xilinx.com:vermeo_t1_rfsoc:part0:1.0 available at /tools/Xilinx/Vivado/2024.1/data/xhub/boards/XilinxBoardStore/boards/Xilinx/vermeo_t1_rfsoc/1.0/board.xml as part xczu21dr-ffvd1156-2l-e specified in board_part file is either invalid or not available
WARNING: [Board 49-26] cannot add Board Part xilinx.com:vhk158:part0:1.0 available at /tools/Xilinx/Vivado/2024.1/data/xhub/boards/XilinxBoardStore/boards/Xilinx/vhk158/production/1.0/board.xml as part xcvh1582-vsva3697-2mp-e-s specified in board_part file is either invalid or not available
WARNING: [Board 49-26] cannot add Board Part xilinx.com:vhk158:part0:1.1 available at /tools/Xilinx/Vivado/2024.1/data/xhub/boards/XilinxBoardStore/boards/Xilinx/vhk158/production/1.1/board.xml as part xcvh1582-vsva3697-2mp-e-s specified in board_part file is either invalid or not available
WARNING: [Board 49-26] cannot add Board Part xilinx.com:vhk158_es:part0:1.0 available at /tools/Xilinx/Vivado/2024.1/data/xhub/boards/XilinxBoardStore/boards/Xilinx/vhk158/es/1.0/board.xml as part xcvh1582-vsva3697-2mp-e-s-es1 specified in board_part file is either invalid or not available
WARNING: [Board 49-26] cannot add Board Part xilinx.com:vhk158_es:part0:1.1 available at /tools/Xilinx/Vivado/2024.1/data/xhub/boards/XilinxBoardStore/boards/Xilinx/vhk158/es/1.1/board.xml as part xcvh1582-vsva3697-2mp-e-s-es1 specified in board_part file is either invalid or not available
WARNING: [Board 49-26] cannot add Board Part xilinx.com:vmk180:part0:2.2 available at /tools/Xilinx/Vivado/2024.1/data/xhub/boards/XilinxBoardStore/boards/Xilinx/vmk180/production/2.2/board.xml as part xcvm1802-vsva2197-2mp-e-s specified in board_part file is either invalid or not available
WARNING: [Board 49-26] cannot add Board Part xilinx.com:vmk180:part0:3.0 available at /tools/Xilinx/Vivado/2024.1/data/xhub/boards/XilinxBoardStore/boards/Xilinx/vmk180/production/3.0/board.xml as part xcvm1802-vsva2197-2mp-e-s specified in board_part file is either invalid or not available
WARNING: [Board 49-26] cannot add Board Part xilinx.com:vmk180:part0:3.1 available at /tools/Xilinx/Vivado/2024.1/data/xhub/boards/XilinxBoardStore/boards/Xilinx/vmk180/production/3.1/board.xml as part xcvm1802-vsva2197-2mp-e-s specified in board_part file is either invalid or not available
WARNING: [Board 49-26] cannot add Board Part xilinx.com:vmk180:part0:3.2 available at /tools/Xilinx/Vivado/2024.1/data/xhub/boards/XilinxBoardStore/boards/Xilinx/vmk180/production/3.2/board.xml as part xcvm1802-vsva2197-2mp-e-s specified in board_part file is either invalid or not available
WARNING: [Board 49-26] cannot add Board Part xilinx.com:vmk180_newl:part0:1.0 available at /tools/Xilinx/Vivado/2024.1/data/xhub/boards/XilinxBoardStore/boards/Xilinx/vmk180_newl/production/1.0/board.xml as part xcvm1802-vsva2197-2mp-e-s specified in board_part file is either invalid or not available
WARNING: [Board 49-26] cannot add Board Part xilinx.com:vmk180_newl:part0:1.1 available at /tools/Xilinx/Vivado/2024.1/data/xhub/boards/XilinxBoardStore/boards/Xilinx/vmk180_newl/production/1.1/board.xml as part xcvm1802-vsva2197-2mp-e-s specified in board_part file is either invalid or not available
WARNING: [Board 49-26] cannot add Board Part xilinx.com:vpk120:part0:1.0 available at /tools/Xilinx/Vivado/2024.1/data/xhub/boards/XilinxBoardStore/boards/Xilinx/vpk120/production/1.0/board.xml as part xcvp1202-vsva2785-2mp-e-s specified in board_part file is either invalid or not available
WARNING: [Board 49-26] cannot add Board Part xilinx.com:vpk120:part0:1.1 available at /tools/Xilinx/Vivado/2024.1/data/xhub/boards/XilinxBoardStore/boards/Xilinx/vpk120/production/1.1/board.xml as part xcvp1202-vsva2785-2mp-e-s specified in board_part file is either invalid or not available
WARNING: [Board 49-26] cannot add Board Part xilinx.com:vpk120:part0:1.2 available at /tools/Xilinx/Vivado/2024.1/data/xhub/boards/XilinxBoardStore/boards/Xilinx/vpk120/production/1.2/board.xml as part xcvp1202-vsva2785-2mp-e-s specified in board_part file is either invalid or not available
WARNING: [Board 49-26] cannot add Board Part xilinx.com:vpk180:part0:1.0 available at /tools/Xilinx/Vivado/2024.1/data/xhub/boards/XilinxBoardStore/boards/Xilinx/vpk180/production/1.0/board.xml as part xcvp1802-lsvc4072-2mp-e-s specified in board_part file is either invalid or not available
WARNING: [Board 49-26] cannot add Board Part xilinx.com:vpk180:part0:1.1 available at /tools/Xilinx/Vivado/2024.1/data/xhub/boards/XilinxBoardStore/boards/Xilinx/vpk180/production/1.1/board.xml as part xcvp1802-lsvc4072-2mp-e-s specified in board_part file is either invalid or not available
WARNING: [Board 49-26] cannot add Board Part xilinx.com:vpk180:part0:1.2 available at /tools/Xilinx/Vivado/2024.1/data/xhub/boards/XilinxBoardStore/boards/Xilinx/vpk180/production/1.2/board.xml as part xcvp1802-lsvc4072-2mp-e-s specified in board_part file is either invalid or not available
WARNING: [Board 49-26] cannot add Board Part xilinx.com:zc706:part0:1.4 available at /tools/Xilinx/Vivado/2024.1/data/xhub/boards/XilinxBoardStore/boards/Xilinx/zc706/1.4/board.xml as part xc7z045ffg900-2 specified in board_part file is either invalid or not available
WARNING: [Board 49-26] cannot add Board Part xilinx.com:zcu102:part0:3.3 available at /tools/Xilinx/Vivado/2024.1/data/xhub/boards/XilinxBoardStore/boards/Xilinx/zcu102/3.3/board.xml as part xczu9eg-ffvb1156-2-e specified in board_part file is either invalid or not available
WARNING: [Board 49-26] cannot add Board Part xilinx.com:zcu102:part0:3.4 available at /tools/Xilinx/Vivado/2024.1/data/xhub/boards/XilinxBoardStore/boards/Xilinx/zcu102/3.4/board.xml as part xczu9eg-ffvb1156-2-e specified in board_part file is either invalid or not available
WARNING: [Board 49-26] cannot add Board Part xilinx.com:zcu111:part0:1.2 available at /tools/Xilinx/Vivado/2024.1/data/xhub/boards/XilinxBoardStore/boards/Xilinx/zcu111/1.2/board.xml as part xczu28dr-ffvg1517-2-e specified in board_part file is either invalid or not available
WARNING: [Board 49-26] cannot add Board Part xilinx.com:zcu111:part0:1.3 available at /tools/Xilinx/Vivado/2024.1/data/xhub/boards/XilinxBoardStore/boards/Xilinx/zcu111/1.3/board.xml as part xczu28dr-ffvg1517-2-e specified in board_part file is either invalid or not available
WARNING: [Board 49-26] cannot add Board Part xilinx.com:zcu111:part0:1.4 available at /tools/Xilinx/Vivado/2024.1/data/xhub/boards/XilinxBoardStore/boards/Xilinx/zcu111/1.4/board.xml as part xczu28dr-ffvg1517-2-e specified in board_part file is either invalid or not available
WARNING: [Board 49-26] cannot add Board Part xilinx.com:zcu1275:part0:1.0 available at /tools/Xilinx/Vivado/2024.1/data/xhub/boards/XilinxBoardStore/boards/Xilinx/zcu1275/1.0/board.xml as part xczu29dr-ffvf1760-2-e specified in board_part file is either invalid or not available
WARNING: [Board 49-26] cannot add Board Part xilinx.com:zcu1285:part0:1.0 available at /tools/Xilinx/Vivado/2024.1/data/xhub/boards/XilinxBoardStore/boards/Xilinx/zcu1285/1.0/board.xml as part xczu39dr-ffvf1760-2-i specified in board_part file is either invalid or not available
WARNING: [Board 49-26] cannot add Board Part xilinx.com:zcu208:part0:2.0 available at /tools/Xilinx/Vivado/2024.1/data/xhub/boards/XilinxBoardStore/boards/Xilinx/zcu208/production/2.0/board.xml as part xczu48dr-fsvg1517-2-e specified in board_part file is either invalid or not available
WARNING: [Board 49-26] cannot add Board Part xilinx.com:zcu208ld:part0:2.0 available at /tools/Xilinx/Vivado/2024.1/data/xhub/boards/XilinxBoardStore/boards/Xilinx/zcu208ld/production/2.0/board.xml as part xczu58dr-fsvg1517-2-i specified in board_part file is either invalid or not available
WARNING: [Board 49-26] cannot add Board Part xilinx.com:zcu216:part0:2.0 available at /tools/Xilinx/Vivado/2024.1/data/xhub/boards/XilinxBoardStore/boards/Xilinx/zcu216/production/2.0/board.xml as part xczu49dr-ffvf1760-2-e specified in board_part file is either invalid or not available
WARNING: [Board 49-26] cannot add Board Part xilinx.com:zcu216ld:part0:2.0 available at /tools/Xilinx/Vivado/2024.1/data/xhub/boards/XilinxBoardStore/boards/Xilinx/zcu216ld/production/2.0/board.xml as part xczu59dr-ffvf1760-2-i specified in board_part file is either invalid or not available
WARNING: [Board 49-26] cannot add Board Part xilinx.com:zcu670:part0:2.0 available at /tools/Xilinx/Vivado/2024.1/data/xhub/boards/XilinxBoardStore/boards/Xilinx/zcu670/2.0/board.xml as part xczu67dr-fsve1156-2-i specified in board_part file is either invalid or not available
WARNING: [Board 49-26] cannot add Board Part xilinx.com:zcu670ld:part0:1.0 available at /tools/Xilinx/Vivado/2024.1/data/xhub/boards/XilinxBoardStore/boards/Xilinx/zcu670ld/1.0/board.xml as part xczu57dr-fsve1156-2-i specified in board_part file is either invalid or not available
update_compile_order -fileset sources_1
update_compile_order -fileset sim_1
launch_runs synth_1 -jobs 4
INFO: [IP_Flow 19-6924] IPCACHE: Running cache check for IP inst: axi_quad_spi_0
INFO: [IP_Flow 19-6924] IPCACHE: Running cache check for IP inst: clk_wiz_0
WARNING: [Vivado 12-7122] Auto Incremental Compile:: No reference checkpoint was found in run synth_1. Auto-incremental flow will not be run, the standard flow will be run instead.
[Tue Oct 21 18:45:56 2025] Launched axi_quad_spi_0_synth_1, clk_wiz_0_synth_1...
Run output will be captured here:
axi_quad_spi_0_synth_1: /home/johnny/MPD/aquila_build/aquila_ap/aquila_ap.runs/axi_quad_spi_0_synth_1/runme.log
clk_wiz_0_synth_1: /home/johnny/MPD/aquila_build/aquila_ap/aquila_ap.runs/clk_wiz_0_synth_1/runme.log
[Tue Oct 21 18:45:57 2025] Launched synth_1...
Run output will be captured here: /home/johnny/MPD/aquila_build/aquila_ap/aquila_ap.runs/synth_1/runme.log
