
*** Running vivado
    with args -log soc_top.vdi -applog -m64 -product Vivado -messageDb vivado.pb -mode batch -source soc_top.tcl -notrace


****** Vivado v2024.1 (64-bit)
  **** SW Build 5076996 on Wed May 22 18:36:09 MDT 2024
  **** IP Build 5075265 on Wed May 22 21:45:21 MDT 2024
  **** SharedData Build 5076995 on Wed May 22 18:29:18 MDT 2024
  **** Start of session at: Wed Oct 22 13:29:21 2025
    ** Copyright 1986-2022 Xilinx, Inc. All Rights Reserved.
    ** Copyright 2022-2024 Advanced Micro Devices, Inc. All Rights Reserved.

source soc_top.tcl -notrace
create_project: Time (s): cpu = 00:00:10 ; elapsed = 00:00:10 . Memory (MB): peak = 1415.836 ; gain = 0.027 ; free physical = 2531 ; free virtual = 14197
Command: link_design -top soc_top -part xc7a100tcsg324-1
Design is defaulting to srcset: sources_1
Design is defaulting to constrset: constrs_1
INFO: [Device 21-403] Loading part xc7a100tcsg324-1
INFO: [Device 21-9227] Part: xc7a100tcsg324-1 does not have CEAM library.
INFO: [Project 1-454] Reading design checkpoint '/home/johnny/MPD/aquila_build/aquila_ap/aquila_ap.gen/sources_1/ip/clk_wiz_0/clk_wiz_0.dcp' for cell 'Clock_Generator'
INFO: [Project 1-454] Reading design checkpoint '/home/johnny/MPD/aquila_build/aquila_ap/aquila_ap.gen/sources_1/ip/axi_quad_spi_0/axi_quad_spi_0.dcp' for cell 'SD_Card_Controller'
Netlist sorting complete. Time (s): cpu = 00:00:00.08 ; elapsed = 00:00:00.09 . Memory (MB): peak = 1765.320 ; gain = 0.000 ; free physical = 2200 ; free virtual = 13866
INFO: [Netlist 29-17] Analyzing 837 Unisim elements for replacement
INFO: [Netlist 29-28] Unisim Transformation completed in 0 CPU seconds
INFO: [Project 1-479] Netlist was created with Vivado 2024.1
INFO: [Project 1-570] Preparing netlist for logic optimization
Parsing XDC File [/home/johnny/MPD/aquila_build/aquila_ap/aquila_ap.gen/sources_1/ip/axi_quad_spi_0/axi_quad_spi_0_board.xdc] for cell 'SD_Card_Controller/U0'
Finished Parsing XDC File [/home/johnny/MPD/aquila_build/aquila_ap/aquila_ap.gen/sources_1/ip/axi_quad_spi_0/axi_quad_spi_0_board.xdc] for cell 'SD_Card_Controller/U0'
Parsing XDC File [/home/johnny/MPD/aquila_build/aquila_ap/aquila_ap.gen/sources_1/ip/axi_quad_spi_0/axi_quad_spi_0.xdc] for cell 'SD_Card_Controller/U0'
Finished Parsing XDC File [/home/johnny/MPD/aquila_build/aquila_ap/aquila_ap.gen/sources_1/ip/axi_quad_spi_0/axi_quad_spi_0.xdc] for cell 'SD_Card_Controller/U0'
Parsing XDC File [/home/johnny/MPD/aquila_build/aquila_ap/aquila_ap.gen/sources_1/ip/clk_wiz_0/clk_wiz_0_board.xdc] for cell 'Clock_Generator/inst'
Finished Parsing XDC File [/home/johnny/MPD/aquila_build/aquila_ap/aquila_ap.gen/sources_1/ip/clk_wiz_0/clk_wiz_0_board.xdc] for cell 'Clock_Generator/inst'
Parsing XDC File [/home/johnny/MPD/aquila_build/aquila_ap/aquila_ap.gen/sources_1/ip/clk_wiz_0/clk_wiz_0.xdc] for cell 'Clock_Generator/inst'
INFO: [Timing 38-35] Done setting XDC timing constraints. [/home/johnny/MPD/aquila_build/aquila_ap/aquila_ap.gen/sources_1/ip/clk_wiz_0/clk_wiz_0.xdc:54]
INFO: [Timing 38-2] Deriving generated clocks [/home/johnny/MPD/aquila_build/aquila_ap/aquila_ap.gen/sources_1/ip/clk_wiz_0/clk_wiz_0.xdc:54]
get_clocks: Time (s): cpu = 00:00:10 ; elapsed = 00:00:10 . Memory (MB): peak = 2479.613 ; gain = 554.797 ; free physical = 1657 ; free virtual = 13342
Finished Parsing XDC File [/home/johnny/MPD/aquila_build/aquila_ap/aquila_ap.gen/sources_1/ip/clk_wiz_0/clk_wiz_0.xdc] for cell 'Clock_Generator/inst'
Parsing XDC File [/home/johnny/MPD/aquila_build/src/xdc/arty.xdc]
WARNING: [Vivado 12-507] No nets matched 'Aquila_SoC/PROFILER/func1_cycles_debug[0]'. [/home/johnny/MPD/aquila_build/src/xdc/arty.xdc:178]
WARNING: [Vivado 12-507] No nets matched 'Aquila_SoC/PROFILER/func1_cycles_debug[1]'. [/home/johnny/MPD/aquila_build/src/xdc/arty.xdc:178]
WARNING: [Vivado 12-507] No nets matched 'Aquila_SoC/PROFILER/func1_cycles_debug[2]'. [/home/johnny/MPD/aquila_build/src/xdc/arty.xdc:178]
WARNING: [Vivado 12-507] No nets matched 'Aquila_SoC/PROFILER/func1_cycles_debug[3]'. [/home/johnny/MPD/aquila_build/src/xdc/arty.xdc:178]
WARNING: [Vivado 12-507] No nets matched 'Aquila_SoC/PROFILER/func1_cycles_debug[4]'. [/home/johnny/MPD/aquila_build/src/xdc/arty.xdc:178]
WARNING: [Vivado 12-507] No nets matched 'Aquila_SoC/PROFILER/func1_cycles_debug[5]'. [/home/johnny/MPD/aquila_build/src/xdc/arty.xdc:178]
WARNING: [Vivado 12-507] No nets matched 'Aquila_SoC/PROFILER/func1_cycles_debug[6]'. [/home/johnny/MPD/aquila_build/src/xdc/arty.xdc:178]
WARNING: [Vivado 12-507] No nets matched 'Aquila_SoC/PROFILER/func1_cycles_debug[7]'. [/home/johnny/MPD/aquila_build/src/xdc/arty.xdc:178]
WARNING: [Vivado 12-507] No nets matched 'Aquila_SoC/PROFILER/func1_cycles_debug[8]'. [/home/johnny/MPD/aquila_build/src/xdc/arty.xdc:178]
WARNING: [Vivado 12-507] No nets matched 'Aquila_SoC/PROFILER/func1_cycles_debug[9]'. [/home/johnny/MPD/aquila_build/src/xdc/arty.xdc:178]
WARNING: [Vivado 12-507] No nets matched 'Aquila_SoC/PROFILER/func1_cycles_debug[10]'. [/home/johnny/MPD/aquila_build/src/xdc/arty.xdc:178]
WARNING: [Vivado 12-507] No nets matched 'Aquila_SoC/PROFILER/func1_cycles_debug[11]'. [/home/johnny/MPD/aquila_build/src/xdc/arty.xdc:178]
WARNING: [Vivado 12-507] No nets matched 'Aquila_SoC/PROFILER/func1_cycles_debug[12]'. [/home/johnny/MPD/aquila_build/src/xdc/arty.xdc:178]
WARNING: [Vivado 12-507] No nets matched 'Aquila_SoC/PROFILER/func1_cycles_debug[13]'. [/home/johnny/MPD/aquila_build/src/xdc/arty.xdc:178]
WARNING: [Vivado 12-507] No nets matched 'Aquila_SoC/PROFILER/func1_cycles_debug[14]'. [/home/johnny/MPD/aquila_build/src/xdc/arty.xdc:178]
WARNING: [Vivado 12-507] No nets matched 'Aquila_SoC/PROFILER/func1_cycles_debug[15]'. [/home/johnny/MPD/aquila_build/src/xdc/arty.xdc:178]
WARNING: [Vivado 12-507] No nets matched 'Aquila_SoC/PROFILER/func1_cycles_debug[16]'. [/home/johnny/MPD/aquila_build/src/xdc/arty.xdc:178]
WARNING: [Vivado 12-507] No nets matched 'Aquila_SoC/PROFILER/func1_cycles_debug[17]'. [/home/johnny/MPD/aquila_build/src/xdc/arty.xdc:178]
WARNING: [Vivado 12-507] No nets matched 'Aquila_SoC/PROFILER/func1_cycles_debug[18]'. [/home/johnny/MPD/aquila_build/src/xdc/arty.xdc:178]
WARNING: [Vivado 12-507] No nets matched 'Aquila_SoC/PROFILER/func1_cycles_debug[19]'. [/home/johnny/MPD/aquila_build/src/xdc/arty.xdc:178]
WARNING: [Vivado 12-507] No nets matched 'Aquila_SoC/PROFILER/func1_cycles_debug[20]'. [/home/johnny/MPD/aquila_build/src/xdc/arty.xdc:178]
WARNING: [Vivado 12-507] No nets matched 'Aquila_SoC/PROFILER/func1_cycles_debug[21]'. [/home/johnny/MPD/aquila_build/src/xdc/arty.xdc:178]
WARNING: [Vivado 12-507] No nets matched 'Aquila_SoC/PROFILER/func1_cycles_debug[22]'. [/home/johnny/MPD/aquila_build/src/xdc/arty.xdc:178]
WARNING: [Vivado 12-507] No nets matched 'Aquila_SoC/PROFILER/func1_cycles_debug[23]'. [/home/johnny/MPD/aquila_build/src/xdc/arty.xdc:178]
WARNING: [Vivado 12-507] No nets matched 'Aquila_SoC/PROFILER/func1_cycles_debug[24]'. [/home/johnny/MPD/aquila_build/src/xdc/arty.xdc:178]
WARNING: [Vivado 12-507] No nets matched 'Aquila_SoC/PROFILER/func1_cycles_debug[25]'. [/home/johnny/MPD/aquila_build/src/xdc/arty.xdc:178]
WARNING: [Vivado 12-507] No nets matched 'Aquila_SoC/PROFILER/func1_cycles_debug[26]'. [/home/johnny/MPD/aquila_build/src/xdc/arty.xdc:178]
WARNING: [Vivado 12-507] No nets matched 'Aquila_SoC/PROFILER/func1_cycles_debug[27]'. [/home/johnny/MPD/aquila_build/src/xdc/arty.xdc:178]
WARNING: [Vivado 12-507] No nets matched 'Aquila_SoC/PROFILER/func1_cycles_debug[28]'. [/home/johnny/MPD/aquila_build/src/xdc/arty.xdc:178]
WARNING: [Vivado 12-507] No nets matched 'Aquila_SoC/PROFILER/func1_cycles_debug[29]'. [/home/johnny/MPD/aquila_build/src/xdc/arty.xdc:178]
WARNING: [Vivado 12-507] No nets matched 'Aquila_SoC/PROFILER/func1_cycles_debug[30]'. [/home/johnny/MPD/aquila_build/src/xdc/arty.xdc:178]
WARNING: [Vivado 12-507] No nets matched 'Aquila_SoC/PROFILER/func1_cycles_debug[31]'. [/home/johnny/MPD/aquila_build/src/xdc/arty.xdc:178]
WARNING: [Vivado 12-507] No nets matched 'Aquila_SoC/PROFILER/func1_cycles_debug[32]'. [/home/johnny/MPD/aquila_build/src/xdc/arty.xdc:178]
WARNING: [Vivado 12-507] No nets matched 'Aquila_SoC/PROFILER/func1_cycles_debug[33]'. [/home/johnny/MPD/aquila_build/src/xdc/arty.xdc:178]
WARNING: [Vivado 12-507] No nets matched 'Aquila_SoC/PROFILER/func1_cycles_debug[34]'. [/home/johnny/MPD/aquila_build/src/xdc/arty.xdc:178]
WARNING: [Vivado 12-507] No nets matched 'Aquila_SoC/PROFILER/func1_cycles_debug[35]'. [/home/johnny/MPD/aquila_build/src/xdc/arty.xdc:178]
WARNING: [Vivado 12-507] No nets matched 'Aquila_SoC/PROFILER/func1_cycles_debug[36]'. [/home/johnny/MPD/aquila_build/src/xdc/arty.xdc:178]
WARNING: [Vivado 12-507] No nets matched 'Aquila_SoC/PROFILER/func1_cycles_debug[37]'. [/home/johnny/MPD/aquila_build/src/xdc/arty.xdc:178]
WARNING: [Vivado 12-507] No nets matched 'Aquila_SoC/PROFILER/func1_cycles_debug[38]'. [/home/johnny/MPD/aquila_build/src/xdc/arty.xdc:178]
WARNING: [Vivado 12-507] No nets matched 'Aquila_SoC/PROFILER/func1_cycles_debug[39]'. [/home/johnny/MPD/aquila_build/src/xdc/arty.xdc:178]
WARNING: [Vivado 12-507] No nets matched 'Aquila_SoC/PROFILER/func1_cycles_debug[40]'. [/home/johnny/MPD/aquila_build/src/xdc/arty.xdc:178]
WARNING: [Vivado 12-507] No nets matched 'Aquila_SoC/PROFILER/func1_cycles_debug[41]'. [/home/johnny/MPD/aquila_build/src/xdc/arty.xdc:178]
WARNING: [Vivado 12-507] No nets matched 'Aquila_SoC/PROFILER/func1_cycles_debug[42]'. [/home/johnny/MPD/aquila_build/src/xdc/arty.xdc:178]
WARNING: [Vivado 12-507] No nets matched 'Aquila_SoC/PROFILER/func1_cycles_debug[43]'. [/home/johnny/MPD/aquila_build/src/xdc/arty.xdc:178]
WARNING: [Vivado 12-507] No nets matched 'Aquila_SoC/PROFILER/func1_cycles_debug[44]'. [/home/johnny/MPD/aquila_build/src/xdc/arty.xdc:178]
WARNING: [Vivado 12-507] No nets matched 'Aquila_SoC/PROFILER/func1_cycles_debug[45]'. [/home/johnny/MPD/aquila_build/src/xdc/arty.xdc:178]
WARNING: [Vivado 12-507] No nets matched 'Aquila_SoC/PROFILER/func1_cycles_debug[46]'. [/home/johnny/MPD/aquila_build/src/xdc/arty.xdc:178]
WARNING: [Vivado 12-507] No nets matched 'Aquila_SoC/PROFILER/func1_cycles_debug[47]'. [/home/johnny/MPD/aquila_build/src/xdc/arty.xdc:178]
WARNING: [Vivado 12-507] No nets matched 'Aquila_SoC/PROFILER/func1_cycles_debug[48]'. [/home/johnny/MPD/aquila_build/src/xdc/arty.xdc:178]
WARNING: [Vivado 12-507] No nets matched 'Aquila_SoC/PROFILER/func1_cycles_debug[49]'. [/home/johnny/MPD/aquila_build/src/xdc/arty.xdc:178]
WARNING: [Vivado 12-507] No nets matched 'Aquila_SoC/PROFILER/func1_cycles_debug[50]'. [/home/johnny/MPD/aquila_build/src/xdc/arty.xdc:178]
WARNING: [Vivado 12-507] No nets matched 'Aquila_SoC/PROFILER/func1_cycles_debug[51]'. [/home/johnny/MPD/aquila_build/src/xdc/arty.xdc:178]
WARNING: [Vivado 12-507] No nets matched 'Aquila_SoC/PROFILER/func1_cycles_debug[52]'. [/home/johnny/MPD/aquila_build/src/xdc/arty.xdc:178]
WARNING: [Vivado 12-507] No nets matched 'Aquila_SoC/PROFILER/func1_cycles_debug[53]'. [/home/johnny/MPD/aquila_build/src/xdc/arty.xdc:178]
WARNING: [Vivado 12-507] No nets matched 'Aquila_SoC/PROFILER/func1_cycles_debug[54]'. [/home/johnny/MPD/aquila_build/src/xdc/arty.xdc:178]
WARNING: [Vivado 12-507] No nets matched 'Aquila_SoC/PROFILER/func1_cycles_debug[55]'. [/home/johnny/MPD/aquila_build/src/xdc/arty.xdc:178]
WARNING: [Vivado 12-507] No nets matched 'Aquila_SoC/PROFILER/func1_cycles_debug[56]'. [/home/johnny/MPD/aquila_build/src/xdc/arty.xdc:178]
WARNING: [Vivado 12-507] No nets matched 'Aquila_SoC/PROFILER/func1_cycles_debug[57]'. [/home/johnny/MPD/aquila_build/src/xdc/arty.xdc:178]
WARNING: [Vivado 12-507] No nets matched 'Aquila_SoC/PROFILER/func1_cycles_debug[58]'. [/home/johnny/MPD/aquila_build/src/xdc/arty.xdc:178]
WARNING: [Vivado 12-507] No nets matched 'Aquila_SoC/PROFILER/func1_cycles_debug[59]'. [/home/johnny/MPD/aquila_build/src/xdc/arty.xdc:178]
WARNING: [Vivado 12-507] No nets matched 'Aquila_SoC/PROFILER/func1_cycles_debug[60]'. [/home/johnny/MPD/aquila_build/src/xdc/arty.xdc:178]
WARNING: [Vivado 12-507] No nets matched 'Aquila_SoC/PROFILER/func1_cycles_debug[61]'. [/home/johnny/MPD/aquila_build/src/xdc/arty.xdc:178]
WARNING: [Vivado 12-507] No nets matched 'Aquila_SoC/PROFILER/func1_cycles_debug[62]'. [/home/johnny/MPD/aquila_build/src/xdc/arty.xdc:178]
WARNING: [Vivado 12-507] No nets matched 'Aquila_SoC/PROFILER/func1_cycles_debug[63]'. [/home/johnny/MPD/aquila_build/src/xdc/arty.xdc:178]
CRITICAL WARNING: [Vivado 12-1419] Debug core 'u_ila_0' was not found. [/home/johnny/MPD/aquila_build/src/xdc/arty.xdc:178]
WARNING: [Vivado 12-507] No nets matched 'Aquila_SoC/PROFILER/func3_cycles_debug[0]'. [/home/johnny/MPD/aquila_build/src/xdc/arty.xdc:179]
WARNING: [Vivado 12-507] No nets matched 'Aquila_SoC/PROFILER/func3_cycles_debug[1]'. [/home/johnny/MPD/aquila_build/src/xdc/arty.xdc:179]
WARNING: [Vivado 12-507] No nets matched 'Aquila_SoC/PROFILER/func3_cycles_debug[2]'. [/home/johnny/MPD/aquila_build/src/xdc/arty.xdc:179]
WARNING: [Vivado 12-507] No nets matched 'Aquila_SoC/PROFILER/func3_cycles_debug[3]'. [/home/johnny/MPD/aquila_build/src/xdc/arty.xdc:179]
WARNING: [Vivado 12-507] No nets matched 'Aquila_SoC/PROFILER/func3_cycles_debug[4]'. [/home/johnny/MPD/aquila_build/src/xdc/arty.xdc:179]
WARNING: [Vivado 12-507] No nets matched 'Aquila_SoC/PROFILER/func3_cycles_debug[5]'. [/home/johnny/MPD/aquila_build/src/xdc/arty.xdc:179]
WARNING: [Vivado 12-507] No nets matched 'Aquila_SoC/PROFILER/func3_cycles_debug[6]'. [/home/johnny/MPD/aquila_build/src/xdc/arty.xdc:179]
WARNING: [Vivado 12-507] No nets matched 'Aquila_SoC/PROFILER/func3_cycles_debug[7]'. [/home/johnny/MPD/aquila_build/src/xdc/arty.xdc:179]
WARNING: [Vivado 12-507] No nets matched 'Aquila_SoC/PROFILER/func3_cycles_debug[8]'. [/home/johnny/MPD/aquila_build/src/xdc/arty.xdc:179]
WARNING: [Vivado 12-507] No nets matched 'Aquila_SoC/PROFILER/func3_cycles_debug[9]'. [/home/johnny/MPD/aquila_build/src/xdc/arty.xdc:179]
WARNING: [Vivado 12-507] No nets matched 'Aquila_SoC/PROFILER/func3_cycles_debug[10]'. [/home/johnny/MPD/aquila_build/src/xdc/arty.xdc:179]
WARNING: [Vivado 12-507] No nets matched 'Aquila_SoC/PROFILER/func3_cycles_debug[11]'. [/home/johnny/MPD/aquila_build/src/xdc/arty.xdc:179]
WARNING: [Vivado 12-507] No nets matched 'Aquila_SoC/PROFILER/func3_cycles_debug[12]'. [/home/johnny/MPD/aquila_build/src/xdc/arty.xdc:179]
WARNING: [Vivado 12-507] No nets matched 'Aquila_SoC/PROFILER/func3_cycles_debug[13]'. [/home/johnny/MPD/aquila_build/src/xdc/arty.xdc:179]
WARNING: [Vivado 12-507] No nets matched 'Aquila_SoC/PROFILER/func3_cycles_debug[14]'. [/home/johnny/MPD/aquila_build/src/xdc/arty.xdc:179]
WARNING: [Vivado 12-507] No nets matched 'Aquila_SoC/PROFILER/func3_cycles_debug[15]'. [/home/johnny/MPD/aquila_build/src/xdc/arty.xdc:179]
WARNING: [Vivado 12-507] No nets matched 'Aquila_SoC/PROFILER/func3_cycles_debug[16]'. [/home/johnny/MPD/aquila_build/src/xdc/arty.xdc:179]
WARNING: [Vivado 12-507] No nets matched 'Aquila_SoC/PROFILER/func3_cycles_debug[17]'. [/home/johnny/MPD/aquila_build/src/xdc/arty.xdc:179]
WARNING: [Vivado 12-507] No nets matched 'Aquila_SoC/PROFILER/func3_cycles_debug[18]'. [/home/johnny/MPD/aquila_build/src/xdc/arty.xdc:179]
WARNING: [Vivado 12-507] No nets matched 'Aquila_SoC/PROFILER/func3_cycles_debug[19]'. [/home/johnny/MPD/aquila_build/src/xdc/arty.xdc:179]
WARNING: [Vivado 12-507] No nets matched 'Aquila_SoC/PROFILER/func3_cycles_debug[20]'. [/home/johnny/MPD/aquila_build/src/xdc/arty.xdc:179]
WARNING: [Vivado 12-507] No nets matched 'Aquila_SoC/PROFILER/func3_cycles_debug[21]'. [/home/johnny/MPD/aquila_build/src/xdc/arty.xdc:179]
WARNING: [Vivado 12-507] No nets matched 'Aquila_SoC/PROFILER/func3_cycles_debug[22]'. [/home/johnny/MPD/aquila_build/src/xdc/arty.xdc:179]
WARNING: [Vivado 12-507] No nets matched 'Aquila_SoC/PROFILER/func3_cycles_debug[23]'. [/home/johnny/MPD/aquila_build/src/xdc/arty.xdc:179]
WARNING: [Vivado 12-507] No nets matched 'Aquila_SoC/PROFILER/func3_cycles_debug[24]'. [/home/johnny/MPD/aquila_build/src/xdc/arty.xdc:179]
WARNING: [Vivado 12-507] No nets matched 'Aquila_SoC/PROFILER/func3_cycles_debug[25]'. [/home/johnny/MPD/aquila_build/src/xdc/arty.xdc:179]
WARNING: [Vivado 12-507] No nets matched 'Aquila_SoC/PROFILER/func3_cycles_debug[26]'. [/home/johnny/MPD/aquila_build/src/xdc/arty.xdc:179]
WARNING: [Vivado 12-507] No nets matched 'Aquila_SoC/PROFILER/func3_cycles_debug[27]'. [/home/johnny/MPD/aquila_build/src/xdc/arty.xdc:179]
WARNING: [Vivado 12-507] No nets matched 'Aquila_SoC/PROFILER/func3_cycles_debug[28]'. [/home/johnny/MPD/aquila_build/src/xdc/arty.xdc:179]
WARNING: [Vivado 12-507] No nets matched 'Aquila_SoC/PROFILER/func3_cycles_debug[29]'. [/home/johnny/MPD/aquila_build/src/xdc/arty.xdc:179]
WARNING: [Vivado 12-507] No nets matched 'Aquila_SoC/PROFILER/func3_cycles_debug[30]'. [/home/johnny/MPD/aquila_build/src/xdc/arty.xdc:179]
WARNING: [Vivado 12-507] No nets matched 'Aquila_SoC/PROFILER/func3_cycles_debug[31]'. [/home/johnny/MPD/aquila_build/src/xdc/arty.xdc:179]
WARNING: [Vivado 12-507] No nets matched 'Aquila_SoC/PROFILER/func3_cycles_debug[32]'. [/home/johnny/MPD/aquila_build/src/xdc/arty.xdc:179]
WARNING: [Vivado 12-507] No nets matched 'Aquila_SoC/PROFILER/func3_cycles_debug[33]'. [/home/johnny/MPD/aquila_build/src/xdc/arty.xdc:179]
WARNING: [Vivado 12-507] No nets matched 'Aquila_SoC/PROFILER/func3_cycles_debug[34]'. [/home/johnny/MPD/aquila_build/src/xdc/arty.xdc:179]
WARNING: [Vivado 12-507] No nets matched 'Aquila_SoC/PROFILER/func3_cycles_debug[35]'. [/home/johnny/MPD/aquila_build/src/xdc/arty.xdc:179]
INFO: [Common 17-14] Message 'Vivado 12-507' appears 100 times and further instances of the messages will be disabled. Use the Tcl command set_msg_config to change the current settings. [/home/johnny/MPD/aquila_build/src/xdc/arty.xdc:179]
CRITICAL WARNING: [Vivado 12-1419] Debug core 'u_ila_0' was not found. [/home/johnny/MPD/aquila_build/src/xdc/arty.xdc:179]
CRITICAL WARNING: [Vivado 12-1419] Debug core 'u_ila_0' was not found. [/home/johnny/MPD/aquila_build/src/xdc/arty.xdc:180]
CRITICAL WARNING: [Vivado 12-1419] Debug core 'u_ila_0' was not found. [/home/johnny/MPD/aquila_build/src/xdc/arty.xdc:181]
CRITICAL WARNING: [Vivado 12-1419] Debug core 'u_ila_0' was not found. [/home/johnny/MPD/aquila_build/src/xdc/arty.xdc:182]
CRITICAL WARNING: [Vivado 12-1419] Debug core 'u_ila_0' was not found. [/home/johnny/MPD/aquila_build/src/xdc/arty.xdc:183]
CRITICAL WARNING: [Vivado 12-1419] Debug core 'u_ila_0' was not found. [/home/johnny/MPD/aquila_build/src/xdc/arty.xdc:184]
CRITICAL WARNING: [Vivado 12-1419] Debug core 'u_ila_0' was not found. [/home/johnny/MPD/aquila_build/src/xdc/arty.xdc:185]
CRITICAL WARNING: [Vivado 12-1419] Debug core 'u_ila_0' was not found. [/home/johnny/MPD/aquila_build/src/xdc/arty.xdc:186]
CRITICAL WARNING: [Vivado 12-1419] Debug core 'u_ila_0' was not found. [/home/johnny/MPD/aquila_build/src/xdc/arty.xdc:187]
CRITICAL WARNING: [Vivado 12-1419] Debug core 'u_ila_0' was not found. [/home/johnny/MPD/aquila_build/src/xdc/arty.xdc:188]
CRITICAL WARNING: [Vivado 12-1419] Debug core 'u_ila_0' was not found. [/home/johnny/MPD/aquila_build/src/xdc/arty.xdc:189]
CRITICAL WARNING: [Vivado 12-1419] Debug core 'u_ila_0' was not found. [/home/johnny/MPD/aquila_build/src/xdc/arty.xdc:190]
CRITICAL WARNING: [Vivado 12-1419] Debug core 'u_ila_0' was not found. [/home/johnny/MPD/aquila_build/src/xdc/arty.xdc:191]
CRITICAL WARNING: [Vivado 12-1419] Debug core 'u_ila_0' was not found. [/home/johnny/MPD/aquila_build/src/xdc/arty.xdc:192]
CRITICAL WARNING: [Vivado 12-1419] Debug core 'u_ila_0' was not found. [/home/johnny/MPD/aquila_build/src/xdc/arty.xdc:193]
CRITICAL WARNING: [Vivado 12-1419] Debug core 'u_ila_0' was not found. [/home/johnny/MPD/aquila_build/src/xdc/arty.xdc:194]
CRITICAL WARNING: [Vivado 12-1419] Debug core 'u_ila_0' was not found. [/home/johnny/MPD/aquila_build/src/xdc/arty.xdc:195]
CRITICAL WARNING: [Vivado 12-1419] Debug core 'u_ila_0' was not found. [/home/johnny/MPD/aquila_build/src/xdc/arty.xdc:196]
Finished Parsing XDC File [/home/johnny/MPD/aquila_build/src/xdc/arty.xdc]
Parsing XDC File [/home/johnny/MPD/aquila_build/aquila_ap/aquila_ap.gen/sources_1/ip/axi_quad_spi_0/axi_quad_spi_0_clocks.xdc] for cell 'SD_Card_Controller/U0'
Finished Parsing XDC File [/home/johnny/MPD/aquila_build/aquila_ap/aquila_ap.gen/sources_1/ip/axi_quad_spi_0/axi_quad_spi_0_clocks.xdc] for cell 'SD_Card_Controller/U0'
WARNING: [XPM_CDC_GRAY: TCL-1000] The source and destination clocks are the same. 
     Instance: SD_Card_Controller/U0/NO_DUAL_QUAD_MODE.QSPI_NORMAL/QSPI_LEGACY_MD_GEN.QSPI_CORE_INTERFACE_I/FIFO_EXISTS.TX_FIFO_II/xpm_fifo_instance.xpm_fifo_async_inst/gnuram_async_fifo.xpm_fifo_base_inst/gen_cdc_pntr.rd_pntr_cdc_inst 
  This will add unnecessary latency to the design. Please check the design for the following: 
 1) Manually instantiated XPM_CDC modules: AMD recommends that you remove these modules. 
 2) AMD IP that contains XPM_CDC modules: Verify the connections to the IP to determine whether you can safely ignore this message.
 [/tools/Xilinx/Vivado/2024.1/data/ip/xpm/xpm_cdc/tcl/xpm_cdc_gray.tcl:16]
WARNING: [XPM_CDC_GRAY: TCL-1000] The source and destination clocks are the same. 
     Instance: SD_Card_Controller/U0/NO_DUAL_QUAD_MODE.QSPI_NORMAL/QSPI_LEGACY_MD_GEN.QSPI_CORE_INTERFACE_I/FIFO_EXISTS.RX_FIFO_II/gnuram_async_fifo.xpm_fifo_base_inst/gen_cdc_pntr.wr_pntr_cdc_inst 
  This will add unnecessary latency to the design. Please check the design for the following: 
 1) Manually instantiated XPM_CDC modules: AMD recommends that you remove these modules. 
 2) AMD IP that contains XPM_CDC modules: Verify the connections to the IP to determine whether you can safely ignore this message.
 [/tools/Xilinx/Vivado/2024.1/data/ip/xpm/xpm_cdc/tcl/xpm_cdc_gray.tcl:16]
WARNING: [XPM_CDC_GRAY: TCL-1000] The source and destination clocks are the same. 
     Instance: SD_Card_Controller/U0/NO_DUAL_QUAD_MODE.QSPI_NORMAL/QSPI_LEGACY_MD_GEN.QSPI_CORE_INTERFACE_I/FIFO_EXISTS.RX_FIFO_II/gnuram_async_fifo.xpm_fifo_base_inst/gen_cdc_pntr.rd_pntr_cdc_inst 
  This will add unnecessary latency to the design. Please check the design for the following: 
 1) Manually instantiated XPM_CDC modules: AMD recommends that you remove these modules. 
 2) AMD IP that contains XPM_CDC modules: Verify the connections to the IP to determine whether you can safely ignore this message.
 [/tools/Xilinx/Vivado/2024.1/data/ip/xpm/xpm_cdc/tcl/xpm_cdc_gray.tcl:16]
WARNING: [XPM_CDC_GRAY: TCL-1000] The source and destination clocks are the same. 
     Instance: SD_Card_Controller/U0/NO_DUAL_QUAD_MODE.QSPI_NORMAL/QSPI_LEGACY_MD_GEN.QSPI_CORE_INTERFACE_I/FIFO_EXISTS.TX_FIFO_II/xpm_fifo_instance.xpm_fifo_async_inst/gnuram_async_fifo.xpm_fifo_base_inst/gen_cdc_pntr.wr_pntr_cdc_inst 
  This will add unnecessary latency to the design. Please check the design for the following: 
 1) Manually instantiated XPM_CDC modules: AMD recommends that you remove these modules. 
 2) AMD IP that contains XPM_CDC modules: Verify the connections to the IP to determine whether you can safely ignore this message.
 [/tools/Xilinx/Vivado/2024.1/data/ip/xpm/xpm_cdc/tcl/xpm_cdc_gray.tcl:16]
WARNING: [XPM_CDC_GRAY: TCL-1000] The source and destination clocks are the same. 
     Instance: SD_Card_Controller/U0/NO_DUAL_QUAD_MODE.QSPI_NORMAL/QSPI_LEGACY_MD_GEN.QSPI_CORE_INTERFACE_I/FIFO_EXISTS.TX_FIFO_II/xpm_fifo_instance.xpm_fifo_async_inst/gnuram_async_fifo.xpm_fifo_base_inst/gen_cdc_pntr.wr_pntr_cdc_dc_inst 
  This will add unnecessary latency to the design. Please check the design for the following: 
 1) Manually instantiated XPM_CDC modules: AMD recommends that you remove these modules. 
 2) AMD IP that contains XPM_CDC modules: Verify the connections to the IP to determine whether you can safely ignore this message.
 [/tools/Xilinx/Vivado/2024.1/data/ip/xpm/xpm_cdc/tcl/xpm_cdc_gray.tcl:16]
WARNING: [XPM_CDC_GRAY: TCL-1000] The source and destination clocks are the same. 
     Instance: SD_Card_Controller/U0/NO_DUAL_QUAD_MODE.QSPI_NORMAL/QSPI_LEGACY_MD_GEN.QSPI_CORE_INTERFACE_I/FIFO_EXISTS.RX_FIFO_II/gnuram_async_fifo.xpm_fifo_base_inst/gen_cdc_pntr.wr_pntr_cdc_dc_inst 
  This will add unnecessary latency to the design. Please check the design for the following: 
 1) Manually instantiated XPM_CDC modules: AMD recommends that you remove these modules. 
 2) AMD IP that contains XPM_CDC modules: Verify the connections to the IP to determine whether you can safely ignore this message.
 [/tools/Xilinx/Vivado/2024.1/data/ip/xpm/xpm_cdc/tcl/xpm_cdc_gray.tcl:16]
WARNING: [XPM_CDC_GRAY: TCL-1000] The source and destination clocks are the same. 
     Instance: SD_Card_Controller/U0/NO_DUAL_QUAD_MODE.QSPI_NORMAL/QSPI_LEGACY_MD_GEN.QSPI_CORE_INTERFACE_I/FIFO_EXISTS.TX_FIFO_II/xpm_fifo_instance.xpm_fifo_async_inst/gnuram_async_fifo.xpm_fifo_base_inst/gen_cdc_pntr.rd_pntr_cdc_dc_inst 
  This will add unnecessary latency to the design. Please check the design for the following: 
 1) Manually instantiated XPM_CDC modules: AMD recommends that you remove these modules. 
 2) AMD IP that contains XPM_CDC modules: Verify the connections to the IP to determine whether you can safely ignore this message.
 [/tools/Xilinx/Vivado/2024.1/data/ip/xpm/xpm_cdc/tcl/xpm_cdc_gray.tcl:16]
WARNING: [XPM_CDC_GRAY: TCL-1000] The source and destination clocks are the same. 
     Instance: SD_Card_Controller/U0/NO_DUAL_QUAD_MODE.QSPI_NORMAL/QSPI_LEGACY_MD_GEN.QSPI_CORE_INTERFACE_I/FIFO_EXISTS.RX_FIFO_II/gnuram_async_fifo.xpm_fifo_base_inst/gen_cdc_pntr.rd_pntr_cdc_dc_inst 
  This will add unnecessary latency to the design. Please check the design for the following: 
 1) Manually instantiated XPM_CDC modules: AMD recommends that you remove these modules. 
 2) AMD IP that contains XPM_CDC modules: Verify the connections to the IP to determine whether you can safely ignore this message.
 [/tools/Xilinx/Vivado/2024.1/data/ip/xpm/xpm_cdc/tcl/xpm_cdc_gray.tcl:16]
INFO: [Project 1-1714] 14 XPM XDC files have been applied to the design.
INFO: [Opt 31-138] Pushed 0 inverter(s) to 0 load pin(s).
WARNING: [Constraints 18-5572] Instance SD_Card_Controller/U0/NO_DUAL_QUAD_MODE.QSPI_NORMAL/IO0_I_REG has IOB constraint set, However, the instance does not seem to have valid I/O connection to be placed into I/O. The constraint on the instance will be ignored.
INFO: [Project 1-1687] 4 scoped IP constraints or related sub-commands were skipped due to synthesis logic optimizations usually triggered by constant connectivity or unconnected output pins. To review the skipped constraints and messages, run the command 'set_param netlist.IPMsgFiltering false' before opening the design.
Netlist sorting complete. Time (s): cpu = 00:00:00 ; elapsed = 00:00:00 . Memory (MB): peak = 2485.551 ; gain = 0.000 ; free physical = 1649 ; free virtual = 13334
INFO: [Project 1-111] Unisim Transformation Summary:
  A total of 11 instances were transformed.
  RAM64M => RAM64M (RAMD64E(x4)): 11 instances

15 Infos, 109 Warnings, 19 Critical Warnings and 0 Errors encountered.
link_design completed successfully
link_design: Time (s): cpu = 00:00:23 ; elapsed = 00:00:24 . Memory (MB): peak = 2485.551 ; gain = 1069.715 ; free physical = 1649 ; free virtual = 13334
Command: opt_design
Attempting to get a license for feature 'Implementation' and/or device 'xc7a100t'
INFO: [Common 17-349] Got license for feature 'Implementation' and/or device 'xc7a100t'
Running DRC as a precondition to command opt_design

Starting DRC Task
INFO: [DRC 23-27] Running DRC with 8 threads
INFO: [Project 1-461] DRC finished with 0 Errors
INFO: [Project 1-462] Please refer to the DRC report (report_drc) for more information.

Time (s): cpu = 00:00:02 ; elapsed = 00:00:01 . Memory (MB): peak = 2517.566 ; gain = 32.016 ; free physical = 1633 ; free virtual = 13318

Starting Cache Timing Information Task
INFO: [Timing 38-35] Done setting XDC timing constraints.
Ending Cache Timing Information Task | Checksum: 1c9d56967

Time (s): cpu = 00:00:00.62 ; elapsed = 00:00:00.34 . Memory (MB): peak = 2517.566 ; gain = 0.000 ; free physical = 1632 ; free virtual = 13317

Starting Logic Optimization Task

Phase 1 Initialization

Phase 1.1 Core Generation And Design Setup

Phase 1.1.1 Generate And Synthesize Debug Cores
INFO: [Chipscope 16-329] Generating Script for core instance : dbg_hub 
INFO: [IP_Flow 19-3806] Processing IP xilinx.com:ip:xsdbm:3.0 for cell dbg_hub_CV.
INFO: [Chipscope 16-329] Generating Script for core instance : u_ila_0 
INFO: [IP_Flow 19-3806] Processing IP xilinx.com:ip:ila:6.2 for cell u_ila_0_CV.
INFO: [Chipscope 16-469] Using cached IP synthesis design for IP xilinx.com:ip:xsdbm:3.0, cache-ID = 7a01d430f8a686c0.
INFO: [Chipscope 16-469] Using cached IP synthesis design for IP xilinx.com:ip:ila:6.2, cache-ID = 0c18658bd5de38f2.
Done building netlist checker database: Time (s): cpu = 00:00:00 ; elapsed = 00:00:00 . Memory (MB): peak = 2802.145 ; gain = 0.000 ; free physical = 1174 ; free virtual = 12995
Done building netlist checker database: Time (s): cpu = 00:00:00.01 ; elapsed = 00:00:00.01 . Memory (MB): peak = 2846.168 ; gain = 0.000 ; free physical = 1096 ; free virtual = 12917
Netlist sorting complete. Time (s): cpu = 00:00:00.33 ; elapsed = 00:00:00.34 . Memory (MB): peak = 2960.980 ; gain = 0.000 ; free physical = 1034 ; free virtual = 12855
Phase 1.1.1 Generate And Synthesize Debug Cores | Checksum: 1c87f62f0

Time (s): cpu = 00:01:03 ; elapsed = 00:01:16 . Memory (MB): peak = 2960.980 ; gain = 184.617 ; free physical = 1034 ; free virtual = 12855
Phase 1.1 Core Generation And Design Setup | Checksum: 1c87f62f0

Time (s): cpu = 00:01:03 ; elapsed = 00:01:16 . Memory (MB): peak = 2960.980 ; gain = 184.617 ; free physical = 1034 ; free virtual = 12855

Phase 1.2 Setup Constraints And Sort Netlist
Phase 1.2 Setup Constraints And Sort Netlist | Checksum: 1c87f62f0

Time (s): cpu = 00:01:03 ; elapsed = 00:01:16 . Memory (MB): peak = 2960.980 ; gain = 184.617 ; free physical = 1034 ; free virtual = 12855
Phase 1 Initialization | Checksum: 1c87f62f0

Time (s): cpu = 00:01:03 ; elapsed = 00:01:16 . Memory (MB): peak = 2960.980 ; gain = 184.617 ; free physical = 1034 ; free virtual = 12855

Phase 2 Timer Update And Timing Data Collection

Phase 2.1 Timer Update
Phase 2.1 Timer Update | Checksum: 1c87f62f0

Time (s): cpu = 00:01:05 ; elapsed = 00:01:16 . Memory (MB): peak = 2960.980 ; gain = 184.617 ; free physical = 1027 ; free virtual = 12848

Phase 2.2 Timing Data Collection
Phase 2.2 Timing Data Collection | Checksum: 1c87f62f0

Time (s): cpu = 00:01:05 ; elapsed = 00:01:17 . Memory (MB): peak = 2960.980 ; gain = 184.617 ; free physical = 1019 ; free virtual = 12841
Phase 2 Timer Update And Timing Data Collection | Checksum: 1c87f62f0

Time (s): cpu = 00:01:05 ; elapsed = 00:01:17 . Memory (MB): peak = 2960.980 ; gain = 184.617 ; free physical = 1019 ; free virtual = 12841

Phase 3 Retarget
INFO: [Opt 31-1834] Total Chains To Be Transformed Were: 0 AND Number of Transformed insts Created are: 0
INFO: [Opt 31-1566] Pulled 21 inverters resulting in an inversion of 376 pins
INFO: [Opt 31-138] Pushed 2 inverter(s) to 3 load pin(s).
INFO: [Opt 31-49] Retargeted 0 cell(s).
Phase 3 Retarget | Checksum: 264f22528

Time (s): cpu = 00:01:06 ; elapsed = 00:01:18 . Memory (MB): peak = 2960.980 ; gain = 184.617 ; free physical = 1019 ; free virtual = 12841
Retarget | Checksum: 264f22528
INFO: [Opt 31-389] Phase Retarget created 14 cells and removed 43 cells
INFO: [Opt 31-1021] In phase Retarget, 66 netlist objects are constrained preventing optimization. Please run opt_design with -debug_log to get more detail. 

Phase 4 Constant propagation
INFO: [Opt 31-138] Pushed 0 inverter(s) to 0 load pin(s).
Phase 4 Constant propagation | Checksum: 1bb2ed846

Time (s): cpu = 00:01:07 ; elapsed = 00:01:18 . Memory (MB): peak = 2960.980 ; gain = 184.617 ; free physical = 1019 ; free virtual = 12841
Constant propagation | Checksum: 1bb2ed846
INFO: [Opt 31-389] Phase Constant propagation created 22 cells and removed 60 cells
INFO: [Opt 31-1021] In phase Constant propagation, 50 netlist objects are constrained preventing optimization. Please run opt_design with -debug_log to get more detail. 

Phase 5 Sweep
Phase 5 Sweep | Checksum: 19c18eafb

Time (s): cpu = 00:01:08 ; elapsed = 00:01:19 . Memory (MB): peak = 2960.980 ; gain = 184.617 ; free physical = 1016 ; free virtual = 12838
Sweep | Checksum: 19c18eafb
INFO: [Opt 31-389] Phase Sweep created 0 cells and removed 401 cells
INFO: [Opt 31-1021] In phase Sweep, 2720 netlist objects are constrained preventing optimization. Please run opt_design with -debug_log to get more detail. 

Phase 6 BUFG optimization
Phase 6 BUFG optimization | Checksum: 19c18eafb

Time (s): cpu = 00:01:08 ; elapsed = 00:01:20 . Memory (MB): peak = 2960.980 ; gain = 184.617 ; free physical = 1016 ; free virtual = 12838
BUFG optimization | Checksum: 19c18eafb
INFO: [Opt 31-662] Phase BUFG optimization created 0 cells of which 0 are BUFGs and removed 0 cells.

Phase 7 Shift Register Optimization
INFO: [Opt 31-1064] SRL Remap converted 0 SRLs to 0 registers and converted 0 registers of register chains to 0 SRLs
Phase 7 Shift Register Optimization | Checksum: 19c18eafb

Time (s): cpu = 00:01:09 ; elapsed = 00:01:20 . Memory (MB): peak = 2960.980 ; gain = 184.617 ; free physical = 1016 ; free virtual = 12838
Shift Register Optimization | Checksum: 19c18eafb
INFO: [Opt 31-389] Phase Shift Register Optimization created 0 cells and removed 0 cells

Phase 8 Post Processing Netlist
Phase 8 Post Processing Netlist | Checksum: 19c18eafb

Time (s): cpu = 00:01:09 ; elapsed = 00:01:20 . Memory (MB): peak = 2960.980 ; gain = 184.617 ; free physical = 1016 ; free virtual = 12838
Post Processing Netlist | Checksum: 19c18eafb
INFO: [Opt 31-389] Phase Post Processing Netlist created 0 cells and removed 0 cells
INFO: [Opt 31-1021] In phase Post Processing Netlist, 58 netlist objects are constrained preventing optimization. Please run opt_design with -debug_log to get more detail. 

Phase 9 Finalization

Phase 9.1 Finalizing Design Cores and Updating Shapes
Phase 9.1 Finalizing Design Cores and Updating Shapes | Checksum: 2b1c29b21

Time (s): cpu = 00:01:09 ; elapsed = 00:01:20 . Memory (MB): peak = 2960.980 ; gain = 184.617 ; free physical = 1016 ; free virtual = 12838

Phase 9.2 Verifying Netlist Connectivity

Starting Connectivity Check Task

Time (s): cpu = 00:00:00.06 ; elapsed = 00:00:00.06 . Memory (MB): peak = 2960.980 ; gain = 0.000 ; free physical = 1016 ; free virtual = 12838
Phase 9.2 Verifying Netlist Connectivity | Checksum: 2b1c29b21

Time (s): cpu = 00:01:09 ; elapsed = 00:01:20 . Memory (MB): peak = 2960.980 ; gain = 184.617 ; free physical = 1016 ; free virtual = 12838
Phase 9 Finalization | Checksum: 2b1c29b21

Time (s): cpu = 00:01:09 ; elapsed = 00:01:20 . Memory (MB): peak = 2960.980 ; gain = 184.617 ; free physical = 1016 ; free virtual = 12838
Opt_design Change Summary
=========================


-------------------------------------------------------------------------------------------------------------------------
|  Phase                        |  #Cells created  |  #Cells Removed  |  #Constrained objects preventing optimizations  |
-------------------------------------------------------------------------------------------------------------------------
|  Retarget                     |              14  |              43  |                                             66  |
|  Constant propagation         |              22  |              60  |                                             50  |
|  Sweep                        |               0  |             401  |                                           2720  |
|  BUFG optimization            |               0  |               0  |                                              0  |
|  Shift Register Optimization  |               0  |               0  |                                              0  |
|  Post Processing Netlist      |               0  |               0  |                                             58  |
-------------------------------------------------------------------------------------------------------------------------


Ending Logic Optimization Task | Checksum: 2b1c29b21

Time (s): cpu = 00:01:09 ; elapsed = 00:01:20 . Memory (MB): peak = 2960.980 ; gain = 184.617 ; free physical = 1016 ; free virtual = 12838

Starting Power Optimization Task
INFO: [Pwropt 34-132] Skipping clock gating for clocks with a period < 2.00 ns.
INFO: [Timing 38-35] Done setting XDC timing constraints.
Running Vector-less Activity Propagation...

Finished Running Vector-less Activity Propagation
INFO: [Pwropt 34-9] Applying IDT optimizations ...
INFO: [Pwropt 34-10] Applying ODC optimizations ...


Starting PowerOpt Patch Enables Task
INFO: [Pwropt 34-162] WRITE_MODE attribute of 0 BRAM(s) out of a total of 122 has been updated to save power. Run report_power_opt to get a complete listing of the BRAMs updated.
INFO: [Pwropt 34-201] Structural ODC has moved 0 WE to EN ports
Number of BRAM Ports augmented: 104 newly gated: 16 Total Ports: 244
Ending PowerOpt Patch Enables Task | Checksum: 1cc906309

Time (s): cpu = 00:00:00.58 ; elapsed = 00:00:00.58 . Memory (MB): peak = 3639.578 ; gain = 0.000 ; free physical = 554 ; free virtual = 12381
Ending Power Optimization Task | Checksum: 1cc906309

Time (s): cpu = 00:00:28 ; elapsed = 00:00:20 . Memory (MB): peak = 3639.578 ; gain = 678.598 ; free physical = 554 ; free virtual = 12381

Starting Final Cleanup Task
Ending Final Cleanup Task | Checksum: 1cc906309

Time (s): cpu = 00:00:00.01 ; elapsed = 00:00:00.01 . Memory (MB): peak = 3639.578 ; gain = 0.000 ; free physical = 554 ; free virtual = 12381

Starting Netlist Obfuscation Task
Netlist sorting complete. Time (s): cpu = 00:00:00.02 ; elapsed = 00:00:00.02 . Memory (MB): peak = 3639.578 ; gain = 0.000 ; free physical = 554 ; free virtual = 12381
Ending Netlist Obfuscation Task | Checksum: 265508f41

Time (s): cpu = 00:00:00.03 ; elapsed = 00:00:00.03 . Memory (MB): peak = 3639.578 ; gain = 0.000 ; free physical = 554 ; free virtual = 12381
INFO: [Common 17-83] Releasing license: Implementation
58 Infos, 139 Warnings, 19 Critical Warnings and 0 Errors encountered.
opt_design completed successfully
opt_design: Time (s): cpu = 00:01:43 ; elapsed = 00:01:46 . Memory (MB): peak = 3639.578 ; gain = 1154.027 ; free physical = 554 ; free virtual = 12381
INFO: [Vivado 12-24828] Executing command : report_drc -file soc_top_drc_opted.rpt -pb soc_top_drc_opted.pb -rpx soc_top_drc_opted.rpx
Command: report_drc -file soc_top_drc_opted.rpt -pb soc_top_drc_opted.pb -rpx soc_top_drc_opted.rpx
INFO: [IP_Flow 19-1839] IP Catalog is up to date.
INFO: [DRC 23-27] Running DRC with 8 threads
INFO: [Vivado_Tcl 2-168] The results of DRC are in file /home/johnny/MPD/aquila_build/aquila_ap/aquila_ap.runs/impl_1/soc_top_drc_opted.rpt.
report_drc completed successfully
INFO: [Timing 38-35] Done setting XDC timing constraints.
INFO: [Timing 38-480] Writing timing data to binary archive.
Wrote PlaceDB: Time (s): cpu = 00:00:00 ; elapsed = 00:00:00 . Memory (MB): peak = 3647.582 ; gain = 0.000 ; free physical = 557 ; free virtual = 12385
Wrote PulsedLatchDB: Time (s): cpu = 00:00:00 ; elapsed = 00:00:00 . Memory (MB): peak = 3647.582 ; gain = 0.000 ; free physical = 557 ; free virtual = 12385
Writing XDEF routing.
Writing XDEF routing logical nets.
Write ShapeDB Complete: Time (s): cpu = 00:00:00.33 ; elapsed = 00:00:00.09 . Memory (MB): peak = 3647.582 ; gain = 0.000 ; free physical = 554 ; free virtual = 12385
Writing XDEF routing special nets.
Wrote RouteStorage: Time (s): cpu = 00:00:00.54 ; elapsed = 00:00:00.15 . Memory (MB): peak = 3647.582 ; gain = 0.000 ; free physical = 548 ; free virtual = 12380
Wrote Netlist Cache: Time (s): cpu = 00:00:00 ; elapsed = 00:00:00 . Memory (MB): peak = 3647.582 ; gain = 0.000 ; free physical = 548 ; free virtual = 12380
Wrote Device Cache: Time (s): cpu = 00:00:00.03 ; elapsed = 00:00:00.01 . Memory (MB): peak = 3647.582 ; gain = 0.000 ; free physical = 548 ; free virtual = 12381
Write Physdb Complete: Time (s): cpu = 00:00:00.6 ; elapsed = 00:00:00.17 . Memory (MB): peak = 3647.582 ; gain = 0.000 ; free physical = 548 ; free virtual = 12381
INFO: [Common 17-1381] The checkpoint '/home/johnny/MPD/aquila_build/aquila_ap/aquila_ap.runs/impl_1/soc_top_opt.dcp' has been generated.
write_checkpoint: Time (s): cpu = 00:00:09 ; elapsed = 00:00:05 . Memory (MB): peak = 3647.582 ; gain = 0.000 ; free physical = 532 ; free virtual = 12369
INFO: [Chipscope 16-240] Debug cores have already been implemented
Command: place_design
Attempting to get a license for feature 'Implementation' and/or device 'xc7a100t'
INFO: [Common 17-349] Got license for feature 'Implementation' and/or device 'xc7a100t'
INFO: [Common 17-83] Releasing license: Implementation
INFO: [DRC 23-27] Running DRC with 8 threads
INFO: [Vivado_Tcl 4-198] DRC finished with 0 Errors
INFO: [Vivado_Tcl 4-199] Please refer to the DRC report (report_drc) for more information.
Running DRC as a precondition to command place_design
INFO: [DRC 23-27] Running DRC with 8 threads
INFO: [Vivado_Tcl 4-198] DRC finished with 0 Errors
INFO: [Vivado_Tcl 4-199] Please refer to the DRC report (report_drc) for more information.
INFO: [Place 30-611] Multithreading enabled for place_design using a maximum of 8 CPUs

Starting Placer Task

Phase 1 Placer Initialization

Phase 1.1 Placer Initialization Netlist Sorting
Netlist sorting complete. Time (s): cpu = 00:00:00.01 ; elapsed = 00:00:00.01 . Memory (MB): peak = 3647.582 ; gain = 0.000 ; free physical = 541 ; free virtual = 12378
Phase 1.1 Placer Initialization Netlist Sorting | Checksum: 1b370534e

Time (s): cpu = 00:00:00.03 ; elapsed = 00:00:00.03 . Memory (MB): peak = 3647.582 ; gain = 0.000 ; free physical = 541 ; free virtual = 12378
Netlist sorting complete. Time (s): cpu = 00:00:00.01 ; elapsed = 00:00:00.01 . Memory (MB): peak = 3647.582 ; gain = 0.000 ; free physical = 541 ; free virtual = 12378

Phase 1.2 IO Placement/ Clock Placement/ Build Placer Device
Phase 1.2 IO Placement/ Clock Placement/ Build Placer Device | Checksum: 1828170f9

Time (s): cpu = 00:00:03 ; elapsed = 00:00:02 . Memory (MB): peak = 3647.582 ; gain = 0.000 ; free physical = 543 ; free virtual = 12383

Phase 1.3 Build Placer Netlist Model
Phase 1.3 Build Placer Netlist Model | Checksum: 23f9d264b

Time (s): cpu = 00:00:20 ; elapsed = 00:00:12 . Memory (MB): peak = 3647.582 ; gain = 0.000 ; free physical = 539 ; free virtual = 12381

Phase 1.4 Constrain Clocks/Macros
Phase 1.4 Constrain Clocks/Macros | Checksum: 23f9d264b

Time (s): cpu = 00:00:20 ; elapsed = 00:00:12 . Memory (MB): peak = 3647.582 ; gain = 0.000 ; free physical = 539 ; free virtual = 12381
Phase 1 Placer Initialization | Checksum: 23f9d264b

Time (s): cpu = 00:00:20 ; elapsed = 00:00:12 . Memory (MB): peak = 3647.582 ; gain = 0.000 ; free physical = 539 ; free virtual = 12381

Phase 2 Global Placement

Phase 2.1 Floorplanning
Phase 2.1 Floorplanning | Checksum: 190be84a6

Time (s): cpu = 00:00:25 ; elapsed = 00:00:15 . Memory (MB): peak = 3647.582 ; gain = 0.000 ; free physical = 547 ; free virtual = 12389

Phase 2.2 Update Timing before SLR Path Opt
Phase 2.2 Update Timing before SLR Path Opt | Checksum: 1ed341729

Time (s): cpu = 00:00:30 ; elapsed = 00:00:17 . Memory (MB): peak = 3647.582 ; gain = 0.000 ; free physical = 547 ; free virtual = 12389

Phase 2.3 Post-Processing in Floorplanning
Phase 2.3 Post-Processing in Floorplanning | Checksum: 1ed341729

Time (s): cpu = 00:00:30 ; elapsed = 00:00:17 . Memory (MB): peak = 3647.582 ; gain = 0.000 ; free physical = 547 ; free virtual = 12389

Phase 2.4 Global Placement Core

Phase 2.4.1 UpdateTiming Before Physical Synthesis
Phase 2.4.1 UpdateTiming Before Physical Synthesis | Checksum: 224fb1bfa

Time (s): cpu = 00:01:08 ; elapsed = 00:00:39 . Memory (MB): peak = 3647.582 ; gain = 0.000 ; free physical = 539 ; free virtual = 12382

Phase 2.4.2 Physical Synthesis In Placer
INFO: [Physopt 32-1035] Found 0 LUTNM shape to break, 654 LUT instances to create LUTNM shape
INFO: [Physopt 32-1044] Break lutnm for timing: one critical 0, two critical 0, total 0, new lutff created 0
INFO: [Physopt 32-1138] End 1 Pass. Optimized 293 nets or LUTs. Breaked 0 LUT, combined 293 existing LUTs and moved 0 existing LUT
INFO: [Physopt 32-65] No nets found for high-fanout optimization.
INFO: [Physopt 32-232] Optimized 0 net. Created 0 new instance.
INFO: [Physopt 32-775] End 1 Pass. Optimized 0 net or cell. Created 0 new cell, deleted 0 existing cell and moved 0 existing cell
INFO: [Physopt 32-670] No setup violation found.  DSP Register Optimization was not performed.
INFO: [Physopt 32-670] No setup violation found.  Shift Register to Pipeline Optimization was not performed.
INFO: [Physopt 32-670] No setup violation found.  Shift Register Optimization was not performed.
INFO: [Physopt 32-670] No setup violation found.  BRAM Register Optimization was not performed.
INFO: [Physopt 32-670] No setup violation found.  URAM Register Optimization was not performed.
INFO: [Physopt 32-949] No candidate nets found for dynamic/static region interface net replication
INFO: [Physopt 32-775] End 1 Pass. Optimized 0 net or cell. Created 0 new cell, deleted 0 existing cell and moved 0 existing cell
Netlist sorting complete. Time (s): cpu = 00:00:00 ; elapsed = 00:00:00.01 . Memory (MB): peak = 3647.582 ; gain = 0.000 ; free physical = 539 ; free virtual = 12383

Summary of Physical Synthesis Optimizations
============================================


-----------------------------------------------------------------------------------------------------------------------------------------------------------
|  Optimization                                     |  Added Cells  |  Removed Cells  |  Optimized Cells/Nets  |  Dont Touch  |  Iterations  |  Elapsed   |
-----------------------------------------------------------------------------------------------------------------------------------------------------------
|  LUT Combining                                    |            0  |            293  |                   293  |           0  |           1  |  00:00:01  |
|  Retime                                           |            0  |              0  |                     0  |           0  |           1  |  00:00:00  |
|  Very High Fanout                                 |            0  |              0  |                     0  |           0  |           1  |  00:00:00  |
|  DSP Register                                     |            0  |              0  |                     0  |           0  |           0  |  00:00:00  |
|  Shift Register to Pipeline                       |            0  |              0  |                     0  |           0  |           0  |  00:00:00  |
|  Shift Register                                   |            0  |              0  |                     0  |           0  |           0  |  00:00:00  |
|  BRAM Register                                    |            0  |              0  |                     0  |           0  |           0  |  00:00:00  |
|  URAM Register                                    |            0  |              0  |                     0  |           0  |           0  |  00:00:00  |
|  Dynamic/Static Region Interface Net Replication  |            0  |              0  |                     0  |           0  |           1  |  00:00:00  |
|  Total                                            |            0  |            293  |                   293  |           0  |           4  |  00:00:01  |
-----------------------------------------------------------------------------------------------------------------------------------------------------------


Phase 2.4.2 Physical Synthesis In Placer | Checksum: 24eb8f33a

Time (s): cpu = 00:01:15 ; elapsed = 00:00:44 . Memory (MB): peak = 3647.582 ; gain = 0.000 ; free physical = 538 ; free virtual = 12382
Phase 2.4 Global Placement Core | Checksum: 274de2330

Time (s): cpu = 00:01:18 ; elapsed = 00:00:46 . Memory (MB): peak = 3647.582 ; gain = 0.000 ; free physical = 538 ; free virtual = 12382
Phase 2 Global Placement | Checksum: 274de2330

Time (s): cpu = 00:01:18 ; elapsed = 00:00:46 . Memory (MB): peak = 3647.582 ; gain = 0.000 ; free physical = 538 ; free virtual = 12382

Phase 3 Detail Placement

Phase 3.1 Commit Multi Column Macros
Phase 3.1 Commit Multi Column Macros | Checksum: 30ffac0c8

Time (s): cpu = 00:01:23 ; elapsed = 00:00:48 . Memory (MB): peak = 3647.582 ; gain = 0.000 ; free physical = 537 ; free virtual = 12381

Phase 3.2 Commit Most Macros & LUTRAMs
Phase 3.2 Commit Most Macros & LUTRAMs | Checksum: 299dd6e1a

Time (s): cpu = 00:01:35 ; elapsed = 00:00:55 . Memory (MB): peak = 3647.582 ; gain = 0.000 ; free physical = 529 ; free virtual = 12373

Phase 3.3 Area Swap Optimization
Phase 3.3 Area Swap Optimization | Checksum: 2ac617b11

Time (s): cpu = 00:01:36 ; elapsed = 00:00:55 . Memory (MB): peak = 3647.582 ; gain = 0.000 ; free physical = 529 ; free virtual = 12373

Phase 3.4 Pipeline Register Optimization
Phase 3.4 Pipeline Register Optimization | Checksum: 2e3aea94d

Time (s): cpu = 00:01:36 ; elapsed = 00:00:55 . Memory (MB): peak = 3647.582 ; gain = 0.000 ; free physical = 529 ; free virtual = 12373

Phase 3.5 Small Shape Detail Placement
Phase 3.5 Small Shape Detail Placement | Checksum: 2c919c472

Time (s): cpu = 00:01:54 ; elapsed = 00:01:18 . Memory (MB): peak = 3647.582 ; gain = 0.000 ; free physical = 530 ; free virtual = 12375

Phase 3.6 Re-assign LUT pins
Phase 3.6 Re-assign LUT pins | Checksum: 2cac5b09c

Time (s): cpu = 00:01:55 ; elapsed = 00:01:20 . Memory (MB): peak = 3647.582 ; gain = 0.000 ; free physical = 530 ; free virtual = 12375

Phase 3.7 Pipeline Register Optimization
Phase 3.7 Pipeline Register Optimization | Checksum: 28071af63

Time (s): cpu = 00:01:55 ; elapsed = 00:01:20 . Memory (MB): peak = 3647.582 ; gain = 0.000 ; free physical = 530 ; free virtual = 12375
Phase 3 Detail Placement | Checksum: 28071af63

Time (s): cpu = 00:01:56 ; elapsed = 00:01:20 . Memory (MB): peak = 3647.582 ; gain = 0.000 ; free physical = 530 ; free virtual = 12375

Phase 4 Post Placement Optimization and Clean-Up

Phase 4.1 Post Commit Optimization
INFO: [Timing 38-35] Done setting XDC timing constraints.

Phase 4.1.1 Post Placement Optimization
Post Placement Optimization Initialization | Checksum: 2bcefa61d

Phase 4.1.1.1 BUFG Insertion

Starting Physical Synthesis Task

Phase 1 Physical Synthesis Initialization
INFO: [Physopt 32-721] Multithreading enabled for phys_opt_design using a maximum of 8 CPUs
INFO: [Physopt 32-619] Estimated Timing Summary | WNS=6.075 | TNS=0.000 |
Phase 1 Physical Synthesis Initialization | Checksum: 26b13598e

Time (s): cpu = 00:00:05 ; elapsed = 00:00:03 . Memory (MB): peak = 3647.582 ; gain = 0.000 ; free physical = 487 ; free virtual = 12331
INFO: [Place 46-33] Processed net rst, BUFG insertion was skipped due to placement/routing conflicts.
INFO: [Place 46-56] BUFG insertion identified 1 candidate nets. Inserted BUFG: 0, Replicated BUFG Driver: 0, Skipped due to Placement/Routing Conflicts: 1, Skipped due to Timing Degradation: 0, Skipped due to netlist editing failed: 0.
Ending Physical Synthesis Task | Checksum: 2ab47633e

Time (s): cpu = 00:00:07 ; elapsed = 00:00:04 . Memory (MB): peak = 3647.582 ; gain = 0.000 ; free physical = 488 ; free virtual = 12332
Phase 4.1.1.1 BUFG Insertion | Checksum: 2bcefa61d

Time (s): cpu = 00:02:24 ; elapsed = 00:01:34 . Memory (MB): peak = 3647.582 ; gain = 0.000 ; free physical = 488 ; free virtual = 12332

Phase 4.1.1.2 Post Placement Timing Optimization
INFO: [Place 30-746] Post Placement Timing Summary WNS=6.075. For the most accurate timing information please run report_timing.
Phase 4.1.1.2 Post Placement Timing Optimization | Checksum: 2a2d0d6a4

Time (s): cpu = 00:02:24 ; elapsed = 00:01:35 . Memory (MB): peak = 3647.582 ; gain = 0.000 ; free physical = 488 ; free virtual = 12333

Time (s): cpu = 00:02:24 ; elapsed = 00:01:35 . Memory (MB): peak = 3647.582 ; gain = 0.000 ; free physical = 488 ; free virtual = 12333
Phase 4.1 Post Commit Optimization | Checksum: 2a2d0d6a4

Time (s): cpu = 00:02:25 ; elapsed = 00:01:35 . Memory (MB): peak = 3647.582 ; gain = 0.000 ; free physical = 488 ; free virtual = 12333

Phase 4.2 Post Placement Cleanup
Phase 4.2 Post Placement Cleanup | Checksum: 2a2d0d6a4

Time (s): cpu = 00:02:25 ; elapsed = 00:01:35 . Memory (MB): peak = 3647.582 ; gain = 0.000 ; free physical = 488 ; free virtual = 12333

Phase 4.3 Placer Reporting

Phase 4.3.1 Print Estimated Congestion
INFO: [Place 30-612] Post-Placement Estimated Congestion 
 ____________________________________________________
|           | Global Congestion | Short Congestion  |
| Direction | Region Size       | Region Size       |
|___________|___________________|___________________|
|      North|                1x1|                2x2|
|___________|___________________|___________________|
|      South|                1x1|                2x2|
|___________|___________________|___________________|
|       East|                1x1|                1x1|
|___________|___________________|___________________|
|       West|                1x1|                1x1|
|___________|___________________|___________________|

Phase 4.3.1 Print Estimated Congestion | Checksum: 2a2d0d6a4

Time (s): cpu = 00:02:26 ; elapsed = 00:01:36 . Memory (MB): peak = 3647.582 ; gain = 0.000 ; free physical = 489 ; free virtual = 12334
Phase 4.3 Placer Reporting | Checksum: 2a2d0d6a4

Time (s): cpu = 00:02:26 ; elapsed = 00:01:36 . Memory (MB): peak = 3647.582 ; gain = 0.000 ; free physical = 489 ; free virtual = 12334

Phase 4.4 Final Placement Cleanup
Netlist sorting complete. Time (s): cpu = 00:00:00.01 ; elapsed = 00:00:00.01 . Memory (MB): peak = 3647.582 ; gain = 0.000 ; free physical = 489 ; free virtual = 12334

Time (s): cpu = 00:02:26 ; elapsed = 00:01:36 . Memory (MB): peak = 3647.582 ; gain = 0.000 ; free physical = 489 ; free virtual = 12334
Phase 4 Post Placement Optimization and Clean-Up | Checksum: 225744cdb

Time (s): cpu = 00:02:26 ; elapsed = 00:01:36 . Memory (MB): peak = 3647.582 ; gain = 0.000 ; free physical = 491 ; free virtual = 12336
Ending Placer Task | Checksum: 17c0a9d82

Time (s): cpu = 00:02:26 ; elapsed = 00:01:37 . Memory (MB): peak = 3647.582 ; gain = 0.000 ; free physical = 491 ; free virtual = 12336
95 Infos, 139 Warnings, 19 Critical Warnings and 0 Errors encountered.
place_design completed successfully
place_design: Time (s): cpu = 00:02:32 ; elapsed = 00:01:39 . Memory (MB): peak = 3647.582 ; gain = 0.000 ; free physical = 491 ; free virtual = 12336
INFO: [Vivado 12-24838] Running report commands "report_control_sets, report_io, report_utilization" in parallel.
Running report generation with 3 threads.
INFO: [Vivado 12-24828] Executing command : report_io -file soc_top_io_placed.rpt
report_io: Time (s): cpu = 00:00:00.37 ; elapsed = 00:00:00.17 . Memory (MB): peak = 3647.582 ; gain = 0.000 ; free physical = 489 ; free virtual = 12334
INFO: [Vivado 12-24828] Executing command : report_control_sets -verbose -file soc_top_control_sets_placed.rpt
report_control_sets: Time (s): cpu = 00:00:00.48 ; elapsed = 00:00:00.29 . Memory (MB): peak = 3647.582 ; gain = 0.000 ; free physical = 487 ; free virtual = 12332
INFO: [Vivado 12-24828] Executing command : report_utilization -file soc_top_utilization_placed.rpt -pb soc_top_utilization_placed.pb
INFO: [Timing 38-480] Writing timing data to binary archive.
Write ShapeDB Complete: Time (s): cpu = 00:00:01 ; elapsed = 00:00:00.46 . Memory (MB): peak = 3647.582 ; gain = 0.000 ; free physical = 476 ; free virtual = 12328
Wrote PlaceDB: Time (s): cpu = 00:00:08 ; elapsed = 00:00:03 . Memory (MB): peak = 3647.582 ; gain = 0.000 ; free physical = 429 ; free virtual = 12317
Wrote PulsedLatchDB: Time (s): cpu = 00:00:00.01 ; elapsed = 00:00:00 . Memory (MB): peak = 3647.582 ; gain = 0.000 ; free physical = 429 ; free virtual = 12317
Writing XDEF routing.
Writing XDEF routing logical nets.
Writing XDEF routing special nets.
Wrote RouteStorage: Time (s): cpu = 00:00:00.21 ; elapsed = 00:00:00.12 . Memory (MB): peak = 3647.582 ; gain = 0.000 ; free physical = 427 ; free virtual = 12315
Wrote Netlist Cache: Time (s): cpu = 00:00:00.08 ; elapsed = 00:00:00.05 . Memory (MB): peak = 3647.582 ; gain = 0.000 ; free physical = 424 ; free virtual = 12315
Wrote Device Cache: Time (s): cpu = 00:00:00.02 ; elapsed = 00:00:00.01 . Memory (MB): peak = 3647.582 ; gain = 0.000 ; free physical = 424 ; free virtual = 12315
Write Physdb Complete: Time (s): cpu = 00:00:08 ; elapsed = 00:00:03 . Memory (MB): peak = 3647.582 ; gain = 0.000 ; free physical = 424 ; free virtual = 12315
INFO: [Common 17-1381] The checkpoint '/home/johnny/MPD/aquila_build/aquila_ap/aquila_ap.runs/impl_1/soc_top_placed.dcp' has been generated.
write_checkpoint: Time (s): cpu = 00:00:16 ; elapsed = 00:00:07 . Memory (MB): peak = 3647.582 ; gain = 0.000 ; free physical = 456 ; free virtual = 12313
Command: phys_opt_design
Attempting to get a license for feature 'Implementation' and/or device 'xc7a100t'
INFO: [Common 17-349] Got license for feature 'Implementation' and/or device 'xc7a100t'

Starting Initial Update Timing Task

Time (s): cpu = 00:00:17 ; elapsed = 00:00:07 . Memory (MB): peak = 3647.582 ; gain = 0.000 ; free physical = 466 ; free virtual = 12323
INFO: [Vivado_Tcl 4-2279] Estimated Timing Summary | WNS= 6.075 | TNS= 0.000 | 
INFO: [Vivado_Tcl 4-383] Design worst setup slack (WNS) is greater than or equal to 0.000 ns. All physical synthesis setup optimizations will be skipped.
INFO: [Vivado_Tcl 4-232] No setup violation found. The netlist was not modified.
INFO: [Common 17-83] Releasing license: Implementation
106 Infos, 139 Warnings, 19 Critical Warnings and 0 Errors encountered.
phys_opt_design completed successfully
phys_opt_design: Time (s): cpu = 00:00:17 ; elapsed = 00:00:07 . Memory (MB): peak = 3647.582 ; gain = 0.000 ; free physical = 466 ; free virtual = 12323
INFO: [Timing 38-480] Writing timing data to binary archive.
Write ShapeDB Complete: Time (s): cpu = 00:00:00.47 ; elapsed = 00:00:00.13 . Memory (MB): peak = 3647.582 ; gain = 0.000 ; free physical = 463 ; free virtual = 12325
Wrote PlaceDB: Time (s): cpu = 00:00:08 ; elapsed = 00:00:03 . Memory (MB): peak = 3647.582 ; gain = 0.000 ; free physical = 422 ; free virtual = 12322
Wrote PulsedLatchDB: Time (s): cpu = 00:00:00 ; elapsed = 00:00:00 . Memory (MB): peak = 3647.582 ; gain = 0.000 ; free physical = 422 ; free virtual = 12322
Writing XDEF routing.
Writing XDEF routing logical nets.
Writing XDEF routing special nets.
Wrote RouteStorage: Time (s): cpu = 00:00:00.18 ; elapsed = 00:00:00.1 . Memory (MB): peak = 3647.582 ; gain = 0.000 ; free physical = 422 ; free virtual = 12322
Wrote Netlist Cache: Time (s): cpu = 00:00:00.09 ; elapsed = 00:00:00.04 . Memory (MB): peak = 3647.582 ; gain = 0.000 ; free physical = 422 ; free virtual = 12324
Wrote Device Cache: Time (s): cpu = 00:00:00.01 ; elapsed = 00:00:00.01 . Memory (MB): peak = 3647.582 ; gain = 0.000 ; free physical = 422 ; free virtual = 12325
Write Physdb Complete: Time (s): cpu = 00:00:08 ; elapsed = 00:00:03 . Memory (MB): peak = 3647.582 ; gain = 0.000 ; free physical = 422 ; free virtual = 12325
INFO: [Common 17-1381] The checkpoint '/home/johnny/MPD/aquila_build/aquila_ap/aquila_ap.runs/impl_1/soc_top_physopt.dcp' has been generated.
Command: route_design
Attempting to get a license for feature 'Implementation' and/or device 'xc7a100t'
INFO: [Common 17-349] Got license for feature 'Implementation' and/or device 'xc7a100t'
Running DRC as a precondition to command route_design
INFO: [DRC 23-27] Running DRC with 8 threads
INFO: [Vivado_Tcl 4-198] DRC finished with 0 Errors
INFO: [Vivado_Tcl 4-199] Please refer to the DRC report (report_drc) for more information.


Starting Routing Task
INFO: [Route 35-254] Multithreading enabled for route_design using a maximum of 4 CPUs

Phase 1 Build RT Design
Checksum: PlaceDB: 51ea28ec ConstDB: 0 ShapeSum: 784e1500 RouteDB: b1d25f96
Post Restoration Checksum: NetGraph: aa939261 | NumContArr: 60c026bf | Constraints: c2a8fa9d | Timing: c2a8fa9d
Phase 1 Build RT Design | Checksum: 290a5ae5a

Time (s): cpu = 00:00:54 ; elapsed = 00:00:34 . Memory (MB): peak = 3647.582 ; gain = 0.000 ; free physical = 408 ; free virtual = 12297

Phase 2 Router Initialization

Phase 2.1 Fix Topology Constraints
Phase 2.1 Fix Topology Constraints | Checksum: 290a5ae5a

Time (s): cpu = 00:00:54 ; elapsed = 00:00:34 . Memory (MB): peak = 3647.582 ; gain = 0.000 ; free physical = 408 ; free virtual = 12297

Phase 2.2 Pre Route Cleanup
Phase 2.2 Pre Route Cleanup | Checksum: 290a5ae5a

Time (s): cpu = 00:00:55 ; elapsed = 00:00:34 . Memory (MB): peak = 3647.582 ; gain = 0.000 ; free physical = 408 ; free virtual = 12297
 Number of Nodes with overlaps = 0

Phase 2.3 Update Timing
Phase 2.3 Update Timing | Checksum: 2bf493a7a

Time (s): cpu = 00:01:25 ; elapsed = 00:00:49 . Memory (MB): peak = 3647.582 ; gain = 0.000 ; free physical = 393 ; free virtual = 12281
INFO: [Route 35-416] Intermediate Timing Summary | WNS=6.480  | TNS=0.000  | WHS=-0.323 | THS=-706.382|


Phase 2.4 Update Timing for Bus Skew

Phase 2.4.1 Update Timing
Phase 2.4.1 Update Timing | Checksum: 20eea6c94

Time (s): cpu = 00:01:48 ; elapsed = 00:00:59 . Memory (MB): peak = 3647.582 ; gain = 0.000 ; free physical = 394 ; free virtual = 12282
INFO: [Route 35-416] Intermediate Timing Summary | WNS=6.480  | TNS=0.000  | WHS=-0.182 | THS=-7.128 |

Phase 2.4 Update Timing for Bus Skew | Checksum: 1e5b19394

Time (s): cpu = 00:01:48 ; elapsed = 00:01:00 . Memory (MB): peak = 3647.582 ; gain = 0.000 ; free physical = 393 ; free virtual = 12286

Router Utilization Summary
  Global Vertical Routing Utilization    = 0 %
  Global Horizontal Routing Utilization  = 0 %
  Routable Net Status*
  *Does not include unroutable nets such as driverless and loadless.
  Run report_route_status for detailed report.
  Number of Failed Nets               = 33248
    (Failed Nets is the sum of unrouted and partially routed nets)
  Number of Unrouted Nets             = 33248
  Number of Partially Routed Nets     = 0
  Number of Node Overlaps             = 0

Phase 2 Router Initialization | Checksum: 24ec38bfa

Time (s): cpu = 00:01:50 ; elapsed = 00:01:00 . Memory (MB): peak = 3647.582 ; gain = 0.000 ; free physical = 393 ; free virtual = 12286

Phase 3 Global Routing
Phase 3 Global Routing | Checksum: 24ec38bfa

Time (s): cpu = 00:01:50 ; elapsed = 00:01:00 . Memory (MB): peak = 3647.582 ; gain = 0.000 ; free physical = 393 ; free virtual = 12286

Phase 4 Initial Routing

Phase 4.1 Initial Net Routing Pass
Phase 4.1 Initial Net Routing Pass | Checksum: 1cf9bf593

Time (s): cpu = 00:02:13 ; elapsed = 00:01:09 . Memory (MB): peak = 3647.582 ; gain = 0.000 ; free physical = 393 ; free virtual = 12286
Phase 4 Initial Routing | Checksum: 1cf9bf593

Time (s): cpu = 00:02:13 ; elapsed = 00:01:09 . Memory (MB): peak = 3647.582 ; gain = 0.000 ; free physical = 393 ; free virtual = 12286

Phase 5 Rip-up And Reroute

Phase 5.1 Global Iteration 0
 Number of Nodes with overlaps = 2867
 Number of Nodes with overlaps = 338
 Number of Nodes with overlaps = 67
 Number of Nodes with overlaps = 15
 Number of Nodes with overlaps = 4
 Number of Nodes with overlaps = 0
INFO: [Route 35-416] Intermediate Timing Summary | WNS=5.604  | TNS=0.000  | WHS=N/A    | THS=N/A    |

Phase 5.1 Global Iteration 0 | Checksum: 1d27f301f

Time (s): cpu = 00:02:52 ; elapsed = 00:01:35 . Memory (MB): peak = 3647.582 ; gain = 0.000 ; free physical = 390 ; free virtual = 12283

Phase 5.2 Global Iteration 1
 Number of Nodes with overlaps = 2
 Number of Nodes with overlaps = 1
 Number of Nodes with overlaps = 0
INFO: [Route 35-416] Intermediate Timing Summary | WNS=5.604  | TNS=0.000  | WHS=N/A    | THS=N/A    |

Phase 5.2 Global Iteration 1 | Checksum: 239fab893

Time (s): cpu = 00:02:54 ; elapsed = 00:01:36 . Memory (MB): peak = 3647.582 ; gain = 0.000 ; free physical = 390 ; free virtual = 12283

Phase 5.3 Global Iteration 2
 Number of Nodes with overlaps = 5
 Number of Nodes with overlaps = 2
 Number of Nodes with overlaps = 0
INFO: [Route 35-416] Intermediate Timing Summary | WNS=5.604  | TNS=0.000  | WHS=N/A    | THS=N/A    |

Phase 5.3 Global Iteration 2 | Checksum: 3516f54e2

Time (s): cpu = 00:02:57 ; elapsed = 00:01:38 . Memory (MB): peak = 3647.582 ; gain = 0.000 ; free physical = 390 ; free virtual = 12283
Phase 5 Rip-up And Reroute | Checksum: 3516f54e2

Time (s): cpu = 00:02:57 ; elapsed = 00:01:38 . Memory (MB): peak = 3647.582 ; gain = 0.000 ; free physical = 390 ; free virtual = 12283

Phase 6 Delay and Skew Optimization

Phase 6.1 Delay CleanUp
Phase 6.1 Delay CleanUp | Checksum: 3516f54e2

Time (s): cpu = 00:02:57 ; elapsed = 00:01:38 . Memory (MB): peak = 3647.582 ; gain = 0.000 ; free physical = 390 ; free virtual = 12283

Phase 6.2 Clock Skew Optimization
Phase 6.2 Clock Skew Optimization | Checksum: 3516f54e2

Time (s): cpu = 00:02:57 ; elapsed = 00:01:38 . Memory (MB): peak = 3647.582 ; gain = 0.000 ; free physical = 390 ; free virtual = 12283
Phase 6 Delay and Skew Optimization | Checksum: 3516f54e2

Time (s): cpu = 00:02:57 ; elapsed = 00:01:38 . Memory (MB): peak = 3647.582 ; gain = 0.000 ; free physical = 390 ; free virtual = 12283

Phase 7 Post Hold Fix

Phase 7.1 Hold Fix Iter
INFO: [Route 35-416] Intermediate Timing Summary | WNS=5.684  | TNS=0.000  | WHS=0.022  | THS=0.000  |

Phase 7.1 Hold Fix Iter | Checksum: 3017631be

Time (s): cpu = 00:03:04 ; elapsed = 00:01:41 . Memory (MB): peak = 3647.582 ; gain = 0.000 ; free physical = 392 ; free virtual = 12285
Phase 7 Post Hold Fix | Checksum: 3017631be

Time (s): cpu = 00:03:04 ; elapsed = 00:01:41 . Memory (MB): peak = 3647.582 ; gain = 0.000 ; free physical = 392 ; free virtual = 12285

Phase 8 Route finalize

Router Utilization Summary
  Global Vertical Routing Utilization    = 6.30866 %
  Global Horizontal Routing Utilization  = 7.58625 %
  Routable Net Status*
  *Does not include unroutable nets such as driverless and loadless.
  Run report_route_status for detailed report.
  Number of Failed Nets               = 0
    (Failed Nets is the sum of unrouted and partially routed nets)
  Number of Unrouted Nets             = 0
  Number of Partially Routed Nets     = 0
  Number of Node Overlaps             = 0

Phase 8 Route finalize | Checksum: 3017631be

Time (s): cpu = 00:03:04 ; elapsed = 00:01:41 . Memory (MB): peak = 3647.582 ; gain = 0.000 ; free physical = 392 ; free virtual = 12285

Phase 9 Verifying routed nets

 Verification completed successfully
Phase 9 Verifying routed nets | Checksum: 3017631be

Time (s): cpu = 00:03:04 ; elapsed = 00:01:41 . Memory (MB): peak = 3647.582 ; gain = 0.000 ; free physical = 392 ; free virtual = 12285

Phase 10 Depositing Routes
Phase 10 Depositing Routes | Checksum: 2c91399f1

Time (s): cpu = 00:03:08 ; elapsed = 00:01:44 . Memory (MB): peak = 3647.582 ; gain = 0.000 ; free physical = 392 ; free virtual = 12285

Phase 11 Post Process Routing
Phase 11 Post Process Routing | Checksum: 2c91399f1

Time (s): cpu = 00:03:08 ; elapsed = 00:01:44 . Memory (MB): peak = 3647.582 ; gain = 0.000 ; free physical = 392 ; free virtual = 12285

Phase 12 Post Router Timing
INFO: [Route 35-57] Estimated Timing Summary | WNS=5.684  | TNS=0.000  | WHS=0.022  | THS=0.000  |

INFO: [Route 35-327] The final timing numbers are based on the router estimated timing analysis. For a complete and accurate timing signoff, please run report_timing_summary.
Phase 12 Post Router Timing | Checksum: 2c91399f1

Time (s): cpu = 00:03:08 ; elapsed = 00:01:44 . Memory (MB): peak = 3647.582 ; gain = 0.000 ; free physical = 392 ; free virtual = 12285
Total Elapsed time in route_design: 103.79 secs

Phase 13 Post-Route Event Processing
Phase 13 Post-Route Event Processing | Checksum: 1c069390a

Time (s): cpu = 00:03:09 ; elapsed = 00:01:44 . Memory (MB): peak = 3647.582 ; gain = 0.000 ; free physical = 392 ; free virtual = 12285
INFO: [Route 35-16] Router Completed Successfully
Ending Routing Task | Checksum: 1c069390a

Time (s): cpu = 00:03:09 ; elapsed = 00:01:45 . Memory (MB): peak = 3647.582 ; gain = 0.000 ; free physical = 392 ; free virtual = 12285

Routing Is Done.
INFO: [Common 17-83] Releasing license: Implementation
123 Infos, 139 Warnings, 19 Critical Warnings and 0 Errors encountered.
route_design completed successfully
route_design: Time (s): cpu = 00:03:15 ; elapsed = 00:01:48 . Memory (MB): peak = 3647.582 ; gain = 0.000 ; free physical = 392 ; free virtual = 12285
INFO: [Vivado 12-24828] Executing command : report_drc -file soc_top_drc_routed.rpt -pb soc_top_drc_routed.pb -rpx soc_top_drc_routed.rpx
Command: report_drc -file soc_top_drc_routed.rpt -pb soc_top_drc_routed.pb -rpx soc_top_drc_routed.rpx
INFO: [IP_Flow 19-1839] IP Catalog is up to date.
INFO: [DRC 23-27] Running DRC with 8 threads
INFO: [Vivado_Tcl 2-168] The results of DRC are in file /home/johnny/MPD/aquila_build/aquila_ap/aquila_ap.runs/impl_1/soc_top_drc_routed.rpt.
report_drc completed successfully
report_drc: Time (s): cpu = 00:00:15 ; elapsed = 00:00:05 . Memory (MB): peak = 3663.590 ; gain = 16.008 ; free physical = 389 ; free virtual = 12282
INFO: [Vivado 12-24828] Executing command : report_methodology -file soc_top_methodology_drc_routed.rpt -pb soc_top_methodology_drc_routed.pb -rpx soc_top_methodology_drc_routed.rpx
Command: report_methodology -file soc_top_methodology_drc_routed.rpt -pb soc_top_methodology_drc_routed.pb -rpx soc_top_methodology_drc_routed.rpx
INFO: [Timing 38-35] Done setting XDC timing constraints.
INFO: [DRC 23-133] Running Methodology with 8 threads
INFO: [Vivado_Tcl 2-1520] The results of Report Methodology are in file /home/johnny/MPD/aquila_build/aquila_ap/aquila_ap.runs/impl_1/soc_top_methodology_drc_routed.rpt.
report_methodology completed successfully
report_methodology: Time (s): cpu = 00:00:44 ; elapsed = 00:00:19 . Memory (MB): peak = 3663.590 ; gain = 0.000 ; free physical = 387 ; free virtual = 12280
INFO: [Vivado 12-24828] Executing command : report_timing_summary -max_paths 10 -report_unconstrained -file soc_top_timing_summary_routed.rpt -pb soc_top_timing_summary_routed.pb -rpx soc_top_timing_summary_routed.rpx -warn_on_violation 
INFO: [Timing 38-35] Done setting XDC timing constraints.
INFO: [Timing 38-91] UpdateTimingParams: Speed grade: -1, Delay Type: min_max.
INFO: [Timing 38-191] Multithreading enabled for timing update using a maximum of 8 CPUs
WARNING: [Timing 38-436] There are set_bus_skew constraint(s) in this design. Please run report_bus_skew to ensure that bus skew requirements are met.
report_timing_summary: Time (s): cpu = 00:00:24 ; elapsed = 00:00:13 . Memory (MB): peak = 3663.590 ; gain = 0.000 ; free physical = 379 ; free virtual = 12274
INFO: [Vivado 12-24838] Running report commands "report_bus_skew, report_incremental_reuse, report_route_status" in parallel.
Running report generation with 3 threads.
INFO: [Vivado 12-24828] Executing command : report_incremental_reuse -file soc_top_incremental_reuse_routed.rpt
INFO: [Vivado_Tcl 4-1062] Incremental flow is disabled. No incremental reuse Info to report.
INFO: [Vivado 12-24828] Executing command : report_bus_skew -warn_on_violation -file soc_top_bus_skew_routed.rpt -pb soc_top_bus_skew_routed.pb -rpx soc_top_bus_skew_routed.rpx
INFO: [Timing 38-91] UpdateTimingParams: Speed grade: -1, Delay Type: min_max.
INFO: [Timing 38-191] Multithreading enabled for timing update using a maximum of 8 CPUs
INFO: [Vivado 12-24828] Executing command : report_route_status -file soc_top_route_status.rpt -pb soc_top_route_status.pb
INFO: [Vivado 12-24828] Executing command : report_power -file soc_top_power_routed.rpt -pb soc_top_power_summary_routed.pb -rpx soc_top_power_routed.rpx
Command: report_power -file soc_top_power_routed.rpt -pb soc_top_power_summary_routed.pb -rpx soc_top_power_routed.rpx
Running Vector-less Activity Propagation...

Finished Running Vector-less Activity Propagation
143 Infos, 140 Warnings, 19 Critical Warnings and 0 Errors encountered.
report_power completed successfully
report_power: Time (s): cpu = 00:00:16 ; elapsed = 00:00:09 . Memory (MB): peak = 3671.613 ; gain = 8.023 ; free physical = 320 ; free virtual = 12226
INFO: [Vivado 12-24828] Executing command : report_clock_utilization -file soc_top_clock_utilization_routed.rpt
WARNING: [Device 21-9320] Failed to find the Oracle tile group with name 'HSR_BOUNDARY_TOP'. This is required for Clock regions and Virtual grid.
WARNING: [Device 21-2174] Failed to initialize Virtual grid.
generate_parallel_reports: Time (s): cpu = 00:01:42 ; elapsed = 00:00:49 . Memory (MB): peak = 3671.613 ; gain = 24.031 ; free physical = 314 ; free virtual = 12221
INFO: [Timing 38-480] Writing timing data to binary archive.
Write ShapeDB Complete: Time (s): cpu = 00:00:00.35 ; elapsed = 00:00:00.09 . Memory (MB): peak = 3671.613 ; gain = 0.000 ; free physical = 311 ; free virtual = 12223
Wrote PlaceDB: Time (s): cpu = 00:00:06 ; elapsed = 00:00:02 . Memory (MB): peak = 3671.613 ; gain = 0.000 ; free physical = 280 ; free virtual = 12230
Wrote PulsedLatchDB: Time (s): cpu = 00:00:00 ; elapsed = 00:00:00 . Memory (MB): peak = 3671.613 ; gain = 0.000 ; free physical = 280 ; free virtual = 12230
Writing XDEF routing.
Writing XDEF routing logical nets.
Writing XDEF routing special nets.
Wrote RouteStorage: Time (s): cpu = 00:00:01 ; elapsed = 00:00:00.57 . Memory (MB): peak = 3671.613 ; gain = 0.000 ; free physical = 275 ; free virtual = 12231
Wrote Netlist Cache: Time (s): cpu = 00:00:00.04 ; elapsed = 00:00:00.03 . Memory (MB): peak = 3671.613 ; gain = 0.000 ; free physical = 272 ; free virtual = 12230
Wrote Device Cache: Time (s): cpu = 00:00:00 ; elapsed = 00:00:00.01 . Memory (MB): peak = 3671.613 ; gain = 0.000 ; free physical = 272 ; free virtual = 12231
Write Physdb Complete: Time (s): cpu = 00:00:07 ; elapsed = 00:00:03 . Memory (MB): peak = 3671.613 ; gain = 0.000 ; free physical = 272 ; free virtual = 12231
INFO: [Common 17-1381] The checkpoint '/home/johnny/MPD/aquila_build/aquila_ap/aquila_ap.runs/impl_1/soc_top_routed.dcp' has been generated.
INFO: [Memdata 28-208] The XPM instance: <SD_Card_Controller/U0/NO_DUAL_QUAD_MODE.QSPI_NORMAL/QSPI_LEGACY_MD_GEN.QSPI_CORE_INTERFACE_I/FIFO_EXISTS.TX_FIFO_II/xpm_fifo_instance.xpm_fifo_async_inst/gnuram_async_fifo.xpm_fifo_base_inst/gen_sdpram.xpm_memory_base_inst> is part of IP: <SD_Card_Controller>. This XPM instance will be excluded from the .mmi because updatemem is prohibited from making changes to an XPM that is part of an IP.
INFO: [Memdata 28-208] The XPM instance: <SD_Card_Controller/U0/NO_DUAL_QUAD_MODE.QSPI_NORMAL/QSPI_LEGACY_MD_GEN.QSPI_CORE_INTERFACE_I/FIFO_EXISTS.RX_FIFO_II/gnuram_async_fifo.xpm_fifo_base_inst/gen_sdpram.xpm_memory_base_inst> is part of IP: <SD_Card_Controller>. This XPM instance will be excluded from the .mmi because updatemem is prohibited from making changes to an XPM that is part of an IP.
Command: write_bitstream -force soc_top.bit
Attempting to get a license for feature 'Implementation' and/or device 'xc7a100t'
INFO: [Common 17-349] Got license for feature 'Implementation' and/or device 'xc7a100t'
Running DRC as a precondition to command write_bitstream
INFO: [IP_Flow 19-1839] IP Catalog is up to date.
INFO: [DRC 23-27] Running DRC with 8 threads
WARNING: [DRC DPOP-1] PREG Output pipelining: DSP Aquila_SoC/RISCV_CORE0/Execute/MulDiv/mul00 output Aquila_SoC/RISCV_CORE0/Execute/MulDiv/mul00/P[47:0] is not pipelined (PREG=0). Pipelining the DSP48 output will improve performance and often saves power so it is suggested whenever possible to fully pipeline this function.  If this DSP48 function was inferred, it is suggested to describe an additional register stage after this function.  If the DSP48 was instantiated in the design, it is suggested to set the PREG attribute to 1.
WARNING: [DRC DPOP-1] PREG Output pipelining: DSP Aquila_SoC/RISCV_CORE0/Execute/MulDiv/mul00__0 output Aquila_SoC/RISCV_CORE0/Execute/MulDiv/mul00__0/P[47:0] is not pipelined (PREG=0). Pipelining the DSP48 output will improve performance and often saves power so it is suggested whenever possible to fully pipeline this function.  If this DSP48 function was inferred, it is suggested to describe an additional register stage after this function.  If the DSP48 was instantiated in the design, it is suggested to set the PREG attribute to 1.
WARNING: [DRC DPOP-2] MREG Output pipelining: DSP Aquila_SoC/RISCV_CORE0/Execute/MulDiv/mul00 multiplier stage Aquila_SoC/RISCV_CORE0/Execute/MulDiv/mul00/P[47:0] is not pipelined (MREG=0). Pipelining the multiplier function will improve performance and will save significant power so it is suggested whenever possible to fully pipeline this function.  If this multiplier was inferred, it is suggested to describe an additional register stage after this function.  If there is no registered adder/accumulator following the multiply function, two pipeline stages are suggested to allow both the MREG and PREG registers to be used.  If the DSP48 was instantiated in the design, it is suggested to set both the MREG and PREG attributes to 1 when performing multiply functions.
WARNING: [DRC DPOP-2] MREG Output pipelining: DSP Aquila_SoC/RISCV_CORE0/Execute/MulDiv/mul00__0 multiplier stage Aquila_SoC/RISCV_CORE0/Execute/MulDiv/mul00__0/P[47:0] is not pipelined (MREG=0). Pipelining the multiplier function will improve performance and will save significant power so it is suggested whenever possible to fully pipeline this function.  If this multiplier was inferred, it is suggested to describe an additional register stage after this function.  If there is no registered adder/accumulator following the multiply function, two pipeline stages are suggested to allow both the MREG and PREG registers to be used.  If the DSP48 was instantiated in the design, it is suggested to set both the MREG and PREG attributes to 1 when performing multiply functions.
WARNING: [DRC DPOP-2] MREG Output pipelining: DSP Aquila_SoC/RISCV_CORE0/Execute/MulDiv/mul0_reg multiplier stage Aquila_SoC/RISCV_CORE0/Execute/MulDiv/mul0_reg/P[47:0] is not pipelined (MREG=0). Pipelining the multiplier function will improve performance and will save significant power so it is suggested whenever possible to fully pipeline this function.  If this multiplier was inferred, it is suggested to describe an additional register stage after this function.  If there is no registered adder/accumulator following the multiply function, two pipeline stages are suggested to allow both the MREG and PREG registers to be used.  If the DSP48 was instantiated in the design, it is suggested to set both the MREG and PREG attributes to 1 when performing multiply functions.
WARNING: [DRC DPOP-2] MREG Output pipelining: DSP Aquila_SoC/RISCV_CORE0/Execute/MulDiv/mul0_reg__0 multiplier stage Aquila_SoC/RISCV_CORE0/Execute/MulDiv/mul0_reg__0/P[47:0] is not pipelined (MREG=0). Pipelining the multiplier function will improve performance and will save significant power so it is suggested whenever possible to fully pipeline this function.  If this multiplier was inferred, it is suggested to describe an additional register stage after this function.  If there is no registered adder/accumulator following the multiply function, two pipeline stages are suggested to allow both the MREG and PREG registers to be used.  If the DSP48 was instantiated in the design, it is suggested to set both the MREG and PREG attributes to 1 when performing multiply functions.
WARNING: [DRC PDCN-1569] LUT equation term check: Used physical LUT pin 'A1' of cell dbg_hub/inst/BSCANID.u_xsdbm_id/SWITCH_N_EXT_BSCAN.bscan_switch/temp_curid[31]_i_1 (pin dbg_hub/inst/BSCANID.u_xsdbm_id/SWITCH_N_EXT_BSCAN.bscan_switch/temp_curid[31]_i_1/I1) is not included in the LUT equation: 'O5=(A2*A4)+(A2*(~A4)*(~A5))+((~A2))'. If this cell is a user instantiated LUT in the design, please remove connectivity to the pin or change the equation and/or INIT string of the LUT to prevent this issue. If the cell is inferred or IP created LUT, please regenerate the IP and/or resynthesize the design to attempt to correct the issue.
WARNING: [DRC PDCN-1569] LUT equation term check: Used physical LUT pin 'A2' of cell dbg_hub/inst/BSCANID.u_xsdbm_id/SWITCH_N_EXT_BSCAN.id_state[0]_i_1 (pin dbg_hub/inst/BSCANID.u_xsdbm_id/SWITCH_N_EXT_BSCAN.id_state[0]_i_1/I0) is not included in the LUT equation: 'O6=(A6+~A6)*((A5))'. If this cell is a user instantiated LUT in the design, please remove connectivity to the pin or change the equation and/or INIT string of the LUT to prevent this issue. If the cell is inferred or IP created LUT, please regenerate the IP and/or resynthesize the design to attempt to correct the issue.
WARNING: [DRC PDCN-1569] LUT equation term check: Used physical LUT pin 'A3' of cell dbg_hub/inst/BSCANID.u_xsdbm_id/SWITCH_N_EXT_BSCAN.bscan_switch/temp_curid[31]_i_1 (pin dbg_hub/inst/BSCANID.u_xsdbm_id/SWITCH_N_EXT_BSCAN.bscan_switch/temp_curid[31]_i_1/I0) is not included in the LUT equation: 'O5=(A2*A4)+(A2*(~A4)*(~A5))+((~A2))'. If this cell is a user instantiated LUT in the design, please remove connectivity to the pin or change the equation and/or INIT string of the LUT to prevent this issue. If the cell is inferred or IP created LUT, please regenerate the IP and/or resynthesize the design to attempt to correct the issue.
WARNING: [DRC RTSTAT-10] No routable loads: 21 net(s) have no routable loads. The problem bus(es) and/or net(s) are dbg_hub/inst/BSCANID.u_xsdbm_id/SWITCH_N_EXT_BSCAN.bscan_inst/TMS, dbg_hub/inst/BSCANID.u_xsdbm_id/CORE_XSDB.UUT_MASTER/U_ICON_INTERFACE/U_CMD6_RD/U_RD_FIFO/SUBCORE_FIFO.xsdbm_v3_0_2_rdfifo_inst/inst_fifo_gen/gconvfifo.rf/grf.rf/gntv_or_sync_fifo.gl0.rd/gr1.gr1_int.rfwft/aempty_fwft_i, dbg_hub/inst/BSCANID.u_xsdbm_id/CORE_XSDB.UUT_MASTER/U_ICON_INTERFACE/U_CMD7_CTL/ctl_reg[2:0], dbg_hub/inst/BSCANID.u_xsdbm_id/CORE_XSDB.UUT_MASTER/U_ICON_INTERFACE/U_CMD1/ctl_reg_en_2[1], dbg_hub/inst/BSCANID.u_xsdbm_id/CORE_XSDB.UUT_MASTER/U_ICON_INTERFACE/U_CMD7_CTL/ctl_reg_en_2[1], dbg_hub/inst/BSCANID.u_xsdbm_id/SWITCH_N_EXT_BSCAN.bscan_switch/m_bscan_capture[0], dbg_hub/inst/BSCANID.u_xsdbm_id/SWITCH_N_EXT_BSCAN.bscan_switch/m_bscan_drck[0], dbg_hub/inst/BSCANID.u_xsdbm_id/SWITCH_N_EXT_BSCAN.bscan_switch/m_bscan_runtest[0], dbg_hub/inst/BSCANID.u_xsdbm_id/CORE_XSDB.UUT_MASTER/U_ICON_INTERFACE/U_CMD6_WR/U_WR_FIFO/SUBCORE_FIFO.xsdbm_v3_0_2_wrfifo_inst/inst_fifo_gen/gconvfifo.rf/grf.rf/rstblk/ngwrdrst.grst.rd_rst_reg[0], dbg_hub/inst/BSCANID.u_xsdbm_id/CORE_XSDB.UUT_MASTER/U_ICON_INTERFACE/U_CMD6_WR/U_WR_FIFO/SUBCORE_FIFO.xsdbm_v3_0_2_wrfifo_inst/inst_fifo_gen/gconvfifo.rf/grf.rf/rstblk/ngwrdrst.grst.wr_rst_reg[2], dbg_hub/inst/BSCANID.u_xsdbm_id/CORE_XSDB.UUT_MASTER/U_ICON_INTERFACE/U_CMD6_RD/U_RD_FIFO/SUBCORE_FIFO.xsdbm_v3_0_2_rdfifo_inst/inst_fifo_gen/gconvfifo.rf/grf.rf/rstblk/ngwrdrst.grst.wr_rst_reg[2], dbg_hub/inst/BSCANID.u_xsdbm_id/CORE_XSDB.UUT_MASTER/U_ICON_INTERFACE/U_CMD6_RD/U_RD_FIFO/SUBCORE_FIFO.xsdbm_v3_0_2_rdfifo_inst/inst_fifo_gen/gconvfifo.rf/grf.rf/gntv_or_sync_fifo.gl0.wr/gwhf.whf/overflow, dbg_hub/inst/BSCANID.u_xsdbm_id/CORE_XSDB.UUT_MASTER/U_ICON_INTERFACE/U_CMD6_WR/U_WR_FIFO/SUBCORE_FIFO.xsdbm_v3_0_2_wrfifo_inst/inst_fifo_gen/gconvfifo.rf/grf.rf/gntv_or_sync_fifo.gl0.wr/gwhf.whf/overflow, dbg_hub/inst/BSCANID.u_xsdbm_id/CORE_XSDB.UUT_MASTER/U_ICON_INTERFACE/U_CMD6_RD/U_RD_FIFO/SUBCORE_FIFO.xsdbm_v3_0_2_rdfifo_inst/inst_fifo_gen/gconvfifo.rf/grf.rf/gntv_or_sync_fifo.gl0.rd/gras.rsts/ram_empty_i, dbg_hub/inst/BSCANID.u_xsdbm_id/CORE_XSDB.UUT_MASTER/U_ICON_INTERFACE/U_CMD6_WR/U_WR_FIFO/SUBCORE_FIFO.xsdbm_v3_0_2_wrfifo_inst/inst_fifo_gen/gconvfifo.rf/grf.rf/gntv_or_sync_fifo.gl0.wr/gwas.wsts/ram_full_i... and (the first 15 of 19 listed).
INFO: [Vivado 12-3199] DRC finished with 0 Errors, 10 Warnings
INFO: [Vivado 12-3200] Please refer to the DRC report (report_drc) for more information.
INFO: [Designutils 20-2272] Running write_bitstream with 8 threads.
Loading data files...
Loading site data...
Loading route data...
Processing options...
Creating bitmap...
Creating bitstream...
Writing bitstream ./soc_top.bit...
INFO: [Vivado 12-1842] Bitgen Completed Successfully.
INFO: [Project 1-1876] WebTalk data collection is mandatory when using a ULT device. To see the specific WebTalk data collected for your design, open the usage_statistics_webtalk.html or usage_statistics_webtalk.xml file in the implementation directory.
INFO: [Common 17-83] Releasing license: Implementation
157 Infos, 152 Warnings, 19 Critical Warnings and 0 Errors encountered.
write_bitstream completed successfully
write_bitstream: Time (s): cpu = 00:00:51 ; elapsed = 00:00:35 . Memory (MB): peak = 4014.344 ; gain = 342.730 ; free physical = 150 ; free virtual = 11894
INFO: [Common 17-206] Exiting Vivado at Wed Oct 22 13:37:12 2025...
